Archive member included because of file (symbol)

c:/devkitPro/libogc/lib/wii\libaesnd.a(aesndlib.o)
                              GRRMOD_core.o (AESND_Init)
c:/devkitPro/libogc/lib/wii\libogc.a(lwp.o)
                              GRRMOD_core.o (LWP_CreateThread)
c:/devkitPro/libogc/lib/wii\libogc.a(lwp_objmgr.o)
                              c:/devkitPro/libogc/lib/wii\libogc.a(lwp.o) (__lwp_objmgr_initinfo)
c:/devkitPro/libogc/lib/wii\libogc.a(lwp_heap.o)
                              c:/devkitPro/libogc/lib/wii\libogc.a(lwp_objmgr.o) (__lwp_heap_allocate)
c:/devkitPro/libogc/lib/wii\libogc.a(sys_state.o)
                              c:/devkitPro/libogc/lib/wii\libogc.a(lwp_heap.o) (_sys_state_curr)
c:/devkitPro/libogc/lib/wii\libogc.a(cache_asm.o)
                              c:/devkitPro/libogc/lib/wii\libaesnd.a(aesndlib.o) (DCInvalidateRange)
c:/devkitPro/libogc/lib/wii\libogc.a(system.o)
                              c:/devkitpro/devkitppc/bin/../lib/gcc/powerpc-eabi/4.6.3/../../../../powerpc-eabi/lib/crtmain.o (SYS_PreMain)
c:/devkitPro/libogc/lib/wii\libogc.a(cond.o)
                              c:/devkitPro/libogc/lib/wii\libogc.a(system.o) (__lwp_cond_init)
c:/devkitPro/libogc/lib/wii\libogc.a(audio.o)
                              c:/devkitPro/libogc/lib/wii\libaesnd.a(aesndlib.o) (AUDIO_Init)
c:/devkitPro/libogc/lib/wii\libogc.a(decrementer.o)
                              c:/devkitPro/libogc/lib/wii\libogc.a(system.o) (__decrementer_init)
c:/devkitPro/libogc/lib/wii\libogc.a(message.o)
                              c:/devkitPro/libogc/lib/wii\libogc.a(system.o) (__lwp_mqbox_init)
c:/devkitPro/libogc/lib/wii\libogc.a(dsp.o)
                              c:/devkitPro/libogc/lib/wii\libaesnd.a(aesndlib.o) (DSP_Init)
c:/devkitPro/libogc/lib/wii\libogc.a(si.o)
                              c:/devkitPro/libogc/lib/wii\libogc.a(system.o) (__si_init)
c:/devkitPro/libogc/lib/wii\libogc.a(ipc.o)
                              c:/devkitPro/libogc/lib/wii\libogc.a(system.o) (__IPC_ClntInit)
c:/devkitPro/libogc/lib/wii\libogc.a(ogc_crt0.o)
                              (_start)
c:/devkitPro/libogc/lib/wii\libogc.a(timesupp.o)
                              c:/devkitPro/libogc/lib/wii\libogc.a(system.o) (gettick)
c:/devkitPro/libogc/lib/wii\libogc.a(lock_supp.o)
                              c:/devkitPro/libogc/lib/wii\libogc.a(system.o) (__libogc_lock_init)
c:/devkitPro/libogc/lib/wii\libogc.a(newlibc.o)
                              c:/devkitPro/libogc/lib/wii\libogc.a(system.o) (__libc_init)
c:/devkitPro/libogc/lib/wii\libogc.a(sbrk.o)
                              c:/devkitPro/libogc/lib/wii\libogc.a(system.o) (__libogc_sbrk_r)
c:/devkitPro/libogc/lib/wii\libogc.a(malloc_lock.o)
                              c:/devkitPro/libogc/lib/wii\libogc.a(system.o) (__memlock_init)
c:/devkitPro/libogc/lib/wii\libogc.a(stm.o)
                              c:/devkitPro/libogc/lib/wii\libogc.a(system.o) (STM_RegisterEventHandler)
c:/devkitPro/libogc/lib/wii\libogc.a(ios.o)
                              c:/devkitPro/libogc/lib/wii\libogc.a(system.o) (__IOS_InitializeSubsystems)
c:/devkitPro/libogc/lib/wii\libogc.a(es.o)
                              c:/devkitPro/libogc/lib/wii\libogc.a(ios.o) (__ES_Init)
c:/devkitPro/libogc/lib/wii\libogc.a(argv.o)
                              c:/devkitPro/libogc/lib/wii\libogc.a(ogc_crt0.o) (__CheckARGV)
c:/devkitPro/libogc/lib/wii\libogc.a(conf.o)
                              c:/devkitPro/libogc/lib/wii\libogc.a(system.o) (CONF_Init)
c:/devkitPro/libogc/lib/wii\libogc.a(wiilaunch.o)
                              c:/devkitPro/libogc/lib/wii\libogc.a(system.o) (WII_Initialize)
c:/devkitPro/libogc/lib/wii\libogc.a(lwp_priority.o)
                              c:/devkitPro/libogc/lib/wii\libogc.a(system.o) (__lwp_priority_init)
c:/devkitPro/libogc/lib/wii\libogc.a(lwp_queue.o)
                              c:/devkitPro/libogc/lib/wii\libogc.a(lwp_objmgr.o) (__lwp_queue_initialize)
c:/devkitPro/libogc/lib/wii\libogc.a(lwp_threadq.o)
                              c:/devkitPro/libogc/lib/wii\libogc.a(lwp.o) (__lwp_threadqueue_init)
c:/devkitPro/libogc/lib/wii\libogc.a(lwp_threads.o)
                              c:/devkitPro/libogc/lib/wii\libogc.a(lwp.o) (_thr_heir)
c:/devkitPro/libogc/lib/wii\libogc.a(lwp_messages.o)
                              c:/devkitPro/libogc/lib/wii\libogc.a(message.o) (__lwpmq_initialize)
c:/devkitPro/libogc/lib/wii\libogc.a(lwp_handler.o)
                              c:/devkitPro/libogc/lib/wii\libogc.a(lwp_threads.o) (_cpu_context_save_fp)
c:/devkitPro/libogc/lib/wii\libogc.a(lwp_stack.o)
                              c:/devkitPro/libogc/lib/wii\libogc.a(lwp_threads.o) (__lwp_stack_allocate)
c:/devkitPro/libogc/lib/wii\libogc.a(lwp_mutex.o)
                              c:/devkitPro/libogc/lib/wii\libogc.a(malloc_lock.o) (__lwp_mutex_initialize)
[...]
Memory Configuration

Name             Origin             Length             Attributes
*default*        0x00000000         0xffffffff

Linker script and memory map

                0x00003400                . = 0x3400

.stub
 *(.stub)
                0x80004000                . = 0x80004000

.init           0x80004000      0x194
 *crt0.o(*.init)
 .init          0x80004000      0x170 c:/devkitPro/libogc/lib/wii\libogc.a(ogc_crt0.o)
                0x80004000                _start
                0x80004140                _memset
 *(.init)
 .init          0x80004170        0xc c:/devkitpro/devkitppc/bin/../lib/gcc/powerpc-eabi/4.6.3/ecrti.o
                0x80004170                __init
 .init          0x8000417c        0x4 c:/devkitpro/devkitppc/bin/../lib/gcc/powerpc-eabi/4.6.3/crtbegin.o
 .init          0x80004180        0x4 c:/devkitpro/devkitppc/bin/../lib/gcc/powerpc-eabi/4.6.3/crtend.o
 .init          0x80004184       0x10 c:/devkitpro/devkitppc/bin/../lib/gcc/powerpc-eabi/4.6.3/ecrtn.o

.rela.dyn       0x80004194        0x0
 .rela.iplt     0x00000000        0x0 c:/devkitpro/devkitppc/bin/../lib/gcc/powerpc-eabi/4.6.3/crtbegin.o

.plt
 *(.plt)

.interp
 *(.interp)

.hash
 *(.hash)

.dynsym
 *(.dynsym)

.dynstr
 *(.dynstr)

.gnu.version
 *(.gnu.version)

.gnu.version_d
 *(.gnu.version_d)

.gnu.version_r
 *(.gnu.version_r)

.rel.init
 *(.rel.init)

.rela.init      0x80004194        0x0
 *(.rela.init)
 .rela.init     0x00000000        0x0 c:/devkitpro/devkitppc/bin/../lib/gcc/powerpc-eabi/4.6.3/crtbegin.o

.rel.text
 *(.rel.text .rel.text.* .rel.gnu.linkonce.t.*)

.rela.text      0x80004194        0x0
 *(.rela.text .rela.text.* .rela.gnu.linkonce.t.*)
 .rela.text     0x00000000        0x0 c:/devkitpro/devkitppc/bin/../lib/gcc/powerpc-eabi/4.6.3/crtbegin.o
 .rela.text.GRRMOD_MOD_SetFrequency
                0x00000000        0x0 c:/devkitpro/devkitppc/bin/../lib/gcc/powerpc-eabi/4.6.3/crtbegin.o
 .rela.text.GRRMOD_MOD_Init
                0x00000000        0x0 c:/devkitpro/devkitppc/bin/../lib/gcc/powerpc-eabi/4.6.3/crtbegin.o
 .rela.text.LoadMidiString
                0x00000000        0x0 c:/devkitpro/devkitppc/bin/../lib/gcc/powerpc-eabi/4.6.3/crtbegin.o
 .rela.text.IT_LoadTitle
                0x00000000        0x0 c:/devkitpro/devkitppc/bin/../lib/gcc/powerpc-eabi/4.6.3/crtbegin.o
 .rela.text.IT_LoadMidiConfiguration
                0x00000000        0x0 c:/devkitpro/devkitppc/bin/../lib/gcc/powerpc-eabi/4.6.3/crtbegin.o
 .rela.text.IT_Load
                0x00000000        0x0 c:/devkitpro/devkitppc/bin/../lib/gcc/powerpc-eabi/4.6.3/crtbegin.o
 .rela.text.IT_Cleanup
                0x00000000        0x0 c:/devkitpro/devkitppc/bin/../lib/gcc/powerpc-eabi/4.6.3/crtbegin.o
 .rela.text.IT_Test
                0x00000000        0x0 c:/devkitpro/devkitppc/bin/../lib/gcc/powerpc-eabi/4.6.3/crtbegin.o
 .rela.text.IT_Init
                0x00000000        0x0 c:/devkitpro/devkitppc/bin/../lib/gcc/powerpc-eabi/4.6.3/crtbegin.o
 .rela.text.MOD_LoadTitle
                0x00000000        0x0 c:/devkitpro/devkitppc/bin/../lib/gcc/powerpc-eabi/4.6.3/crtbegin.o
 .rela.text.ConvertTrack
                0x00000000        0x0 c:/devkitpro/devkitppc/bin/../lib/gcc/powerpc-eabi/4.6.3/crtbegin.o
 .rela.text.MOD_CheckType
                0x00000000        0x0 c:/devkitpro/devkitppc/bin/../lib/gcc/powerpc-eabi/4.6.3/crtbegin.o
 .rela.text.MOD_Test
                0x00000000        0x0 c:/devkitpro/devkitppc/bin/../lib/gcc/powerpc-eabi/4.6.3/crtbegin.o
 .rela.text.MOD_Load
                0x00000000        0x0 c:/devkitpro/devkitppc/bin/../lib/gcc/powerpc-eabi/4.6.3/crtbegin.o
 .rela.text.S3M_LoadTitle
                0x00000000        0x0 c:/devkitpro/devkitppc/bin/../lib/gcc/powerpc-eabi/4.6.3/crtbegin.o
 .rela.text.S3M_Test
                0x00000000        0x0 c:/devkitpro/devkitppc/bin/../lib/gcc/powerpc-eabi/4.6.3/crtbegin.o
 .rela.text.S3M_Load
                0x00000000        0x0 c:/devkitpro/devkitppc/bin/../lib/gcc/powerpc-eabi/4.6.3/crtbegin.o
 .rela.text.S3M_Cleanup
                0x00000000        0x0 c:/devkitpro/devkitppc/bin/../lib/gcc/powerpc-eabi/4.6.3/crtbegin.o
 .rela.text.S3M_Init
                0x00000000        0x0 c:/devkitpro/devkitppc/bin/../lib/gcc/powerpc-eabi/4.6.3/crtbegin.o
 .rela.text.XM_LoadTitle
                0x00000000        0x0 c:/devkitpro/devkitppc/bin/../lib/gcc/powerpc-eabi/4.6.3/crtbegin.o
 .rela.text.XM_Test
                0x00000000        0x0 c:/devkitpro/devkitppc/bin/../lib/gcc/powerpc-eabi/4.6.3/crtbegin.o
 .rela.text.LoadPatterns
                0x00000000        0x0 c:/devkitpro/devkitppc/bin/../lib/gcc/powerpc-eabi/4.6.3/crtbegin.o
 .rela.text.LoadInstruments.part.1
                0x00000000        0x0 c:/devkitpro/devkitppc/bin/../lib/gcc/powerpc-eabi/4.6.3/crtbegin.o
 .rela.text.XM_Load
                0x00000000        0x0 c:/devkitpro/devkitppc/bin/../lib/gcc/powerpc-eabi/4.6.3/crtbegin.o
 .rela.text._mm_malloc
                0x00000000        0x0 c:/devkitpro/devkitppc/bin/../lib/gcc/powerpc-eabi/4.6.3/crtbegin.o
 .rela.text._mm_calloc
                0x00000000        0x0 c:/devkitpro/devkitppc/bin/../lib/gcc/powerpc-eabi/4.6.3/crtbegin.o
 .rela.text.MikMod_Update
                0x00000000        0x0 c:/devkitpro/devkitppc/bin/../lib/gcc/powerpc-eabi/4.6.3/crtbegin.o
 .rela.text.ML_FreeEx
                0x00000000        0x0 c:/devkitpro/devkitppc/bin/../lib/gcc/powerpc-eabi/4.6.3/crtbegin.o
 .rela.text.Player_LoadTitle_internal
                0x00000000        0x0 c:/devkitpro/devkitppc/bin/../lib/gcc/powerpc-eabi/4.6.3/crtbegin.o
 .rela.text.ReadComment
                0x00000000        0x0 c:/devkitpro/devkitppc/bin/../lib/gcc/powerpc-eabi/4.6.3/crtbegin.o
 .rela.text.ReadLinedComment
                0x00000000        0x0 c:/devkitpro/devkitppc/bin/../lib/gcc/powerpc-eabi/4.6.3/crtbegin.o
 .rela.text.AllocPositions
                0x00000000        0x0 c:/devkitpro/devkitppc/bin/../lib/gcc/powerpc-eabi/4.6.3/crtbegin.o
 .rela.text.AllocPatterns
                0x00000000        0x0 c:/devkitpro/devkitppc/bin/../lib/gcc/powerpc-eabi/4.6.3/crtbegin.o
 .rela.text.AllocTracks
                0x00000000        0x0 c:/devkitpro/devkitppc/bin/../lib/gcc/powerpc-eabi/4.6.3/crtbegin.o
 .rela.text.AllocInstruments
                0x00000000        0x0 c:/devkitpro/devkitppc/bin/../lib/gcc/powerpc-eabi/4.6.3/crtbegin.o
 .rela.text.AllocSamples
                0x00000000        0x0 c:/devkitpro/devkitppc/bin/../lib/gcc/powerpc-eabi/4.6.3/crtbegin.o
 .rela.text.Player_LoadGeneric_internal
                0x00000000        0x0 c:/devkitpro/devkitppc/bin/../lib/gcc/powerpc-eabi/4.6.3/crtbegin.o
 .rela.text.AllocLinear
                0x00000000        0x0 c:/devkitpro/devkitppc/bin/../lib/gcc/powerpc-eabi/4.6.3/crtbegin.o
 .rela.text.speed_to_finetune
                0x00000000        0x0 c:/devkitpro/devkitppc/bin/../lib/gcc/powerpc-eabi/4.6.3/crtbegin.o
 .rela.text.S3MIT_CreateOrders
                0x00000000        0x0 c:/devkitpro/devkitppc/bin/../lib/gcc/powerpc-eabi/4.6.3/crtbegin.o
 .rela.text.UniEffect
                0x00000000        0x0 c:/devkitpro/devkitppc/bin/../lib/gcc/powerpc-eabi/4.6.3/crtbegin.o
 .rela.text.UniPTEffect
                0x00000000        0x0 c:/devkitpro/devkitppc/bin/../lib/gcc/powerpc-eabi/4.6.3/crtbegin.o
 .rela.text.S3MIT_ProcessCmd
                0x00000000        0x0 c:/devkitpro/devkitppc/bin/../lib/gcc/powerpc-eabi/4.6.3/crtbegin.o
 .rela.text.INT123_dct64
                0x00000000        0x0 c:/devkitpro/devkitppc/bin/../lib/gcc/powerpc-eabi/4.6.3/crtbegin.o
 .rela.text.INT123_frame_output_format
                0x00000000        0x0 c:/devkitpro/devkitppc/bin/../lib/gcc/powerpc-eabi/4.6.3/crtbegin.o
 .rela.text.mpg123_fmt_none
                0x00000000        0x0 c:/devkitpro/devkitppc/bin/../lib/gcc/powerpc-eabi/4.6.3/crtbegin.o
 .rela.text.mpg123_fmt_all
                0x00000000        0x0 c:/devkitpro/devkitppc/bin/../lib/gcc/powerpc-eabi/4.6.3/crtbegin.o
 .rela.text.mpg123_fmt
                0x00000000        0x0 c:/devkitpro/devkitppc/bin/../lib/gcc/powerpc-eabi/4.6.3/crtbegin.o
 .rela.text.mpg123_info
                0x00000000        0x0 c:/devkitpro/devkitppc/bin/../lib/gcc/powerpc-eabi/4.6.3/crtbegin.o
 .rela.text.INT123_frame_ins2outs
                0x00000000        0x0 c:/devkitpro/devkitppc/bin/../lib/gcc/powerpc-eabi/4.6.3/crtbegin.o
 .rela.text.INT123_frame_outs
                0x00000000        0x0 c:/devkitpro/devkitppc/bin/../lib/gcc/powerpc-eabi/4.6.3/crtbegin.o
 .rela.text.INT123_frame_expect_outsamples
                0x00000000        0x0 c:/devkitpro/devkitppc/bin/../lib/gcc/powerpc-eabi/4.6.3/crtbegin.o
 .rela.text.INT123_frame_offset
                0x00000000        0x0 c:/devkitpro/devkitppc/bin/../lib/gcc/powerpc-eabi/4.6.3/crtbegin.o
 .rela.text.INT123_frame_gapless_update
                0x00000000        0x0 c:/devkitpro/devkitppc/bin/../lib/gcc/powerpc-eabi/4.6.3/crtbegin.o
 .rela.text.INT123_do_rva
                0x00000000        0x0 c:/devkitpro/devkitppc/bin/../lib/gcc/powerpc-eabi/4.6.3/crtbegin.o
 .rela.text.convert_utf16bom
                0x00000000        0x0 c:/devkitpro/devkitppc/bin/../lib/gcc/powerpc-eabi/4.6.3/crtbegin.o
 .rela.text.promote_framename.isra.0
                0x00000000        0x0 c:/devkitpro/devkitppc/bin/../lib/gcc/powerpc-eabi/4.6.3/crtbegin.o
 .rela.text.INT123_id3_to_utf8
                0x00000000        0x0 c:/devkitpro/devkitppc/bin/../lib/gcc/powerpc-eabi/4.6.3/crtbegin.o
 .rela.text.unlikely.store_id3_text
                0x00000000        0x0 c:/devkitpro/devkitppc/bin/../lib/gcc/powerpc-eabi/4.6.3/crtbegin.o
 .rela.text.INT123_parse_new_id3
                0x00000000        0x0 c:/devkitpro/devkitppc/bin/../lib/gcc/powerpc-eabi/4.6.3/crtbegin.o
 .rela.text.INT123_fi_resize
                0x00000000        0x0 c:/devkitpro/devkitppc/bin/../lib/gcc/powerpc-eabi/4.6.3/crtbegin.o
 .rela.text.INT123_do_layer2
                0x00000000        0x0 c:/devkitpro/devkitppc/bin/../lib/gcc/powerpc-eabi/4.6.3/crtbegin.o
 .rela.text.III_dequantize_sample
                0x00000000        0x0 c:/devkitpro/devkitppc/bin/../lib/gcc/powerpc-eabi/4.6.3/crtbegin.o
 .rela.text.INT123_init_layer3
                0x00000000        0x0 c:/devkitpro/devkitppc/bin/../lib/gcc/powerpc-eabi/4.6.3/crtbegin.o
 .rela.text.INT123_dct36
                0x00000000        0x0 c:/devkitpro/devkitppc/bin/../lib/gcc/powerpc-eabi/4.6.3/crtbegin.o
 .rela.text.INT123_do_layer3
                0x00000000        0x0 c:/devkitpro/devkitppc/bin/../lib/gcc/powerpc-eabi/4.6.3/crtbegin.o
 .rela.text.decode_the_frame
                0x00000000        0x0 c:/devkitpro/devkitppc/bin/../lib/gcc/powerpc-eabi/4.6.3/crtbegin.o
 .rela.text.INT123_synth_ntom_set_step
                0x00000000        0x0 c:/devkitpro/devkitppc/bin/../lib/gcc/powerpc-eabi/4.6.3/crtbegin.o
 .rela.text.INT123_set_synth_functions
                0x00000000        0x0 c:/devkitpro/devkitppc/bin/../lib/gcc/powerpc-eabi/4.6.3/crtbegin.o
 .rela.text.INT123_frame_cpu_opt
                0x00000000        0x0 c:/devkitpro/devkitppc/bin/../lib/gcc/powerpc-eabi/4.6.3/crtbegin.o
 .rela.text.decode_header
                0x00000000        0x0 c:/devkitpro/devkitppc/bin/../lib/gcc/powerpc-eabi/4.6.3/crtbegin.o
 .rela.text.INT123_read_frame
                0x00000000        0x0 c:/devkitpro/devkitppc/bin/../lib/gcc/powerpc-eabi/4.6.3/crtbegin.o
 .rela.text.buffered_fullread
                0x00000000        0x0 c:/devkitpro/devkitppc/bin/../lib/gcc/powerpc-eabi/4.6.3/crtbegin.o
 .rela.text.default_init
                0x00000000        0x0 c:/devkitpro/devkitppc/bin/../lib/gcc/powerpc-eabi/4.6.3/crtbegin.o
 .rela.text.icy_fullread
                0x00000000        0x0 c:/devkitpro/devkitppc/bin/../lib/gcc/powerpc-eabi/4.6.3/crtbegin.o
 .rela.text.INT123_feed_more
                0x00000000        0x0 c:/devkitpro/devkitppc/bin/../lib/gcc/powerpc-eabi/4.6.3/crtbegin.o
 .rela.text.INT123_open_feed
                0x00000000        0x0 c:/devkitpro/devkitppc/bin/../lib/gcc/powerpc-eabi/4.6.3/crtbegin.o
 .rela.text.INT123_open_stream
                0x00000000        0x0 c:/devkitpro/devkitppc/bin/../lib/gcc/powerpc-eabi/4.6.3/crtbegin.o
 .rela.text.INT123_make_conv16to8_table
                0x00000000        0x0 c:/devkitpro/devkitppc/bin/../lib/gcc/powerpc-eabi/4.6.3/crtbegin.o
 .rela.text.__lwp_cntrl_free
                0x00000000        0x0 c:/devkitpro/devkitppc/bin/../lib/gcc/powerpc-eabi/4.6.3/crtbegin.o
 .rela.text.__lwp_tqueue_open
                0x00000000        0x0 c:/devkitpro/devkitppc/bin/../lib/gcc/powerpc-eabi/4.6.3/crtbegin.o
 .rela.text.__lwp_cntrl_open
                0x00000000        0x0 c:/devkitpro/devkitppc/bin/../lib/gcc/powerpc-eabi/4.6.3/crtbegin.o
 .rela.text.__lwp_sysinit
                0x00000000        0x0 c:/devkitpro/devkitppc/bin/../lib/gcc/powerpc-eabi/4.6.3/crtbegin.o
 .rela.text.__lwp_thread_isalive
                0x00000000        0x0 c:/devkitpro/devkitppc/bin/../lib/gcc/powerpc-eabi/4.6.3/crtbegin.o
 .rela.text.__lwp_thread_exists
                0x00000000        0x0 c:/devkitpro/devkitppc/bin/../lib/gcc/powerpc-eabi/4.6.3/crtbegin.o
 .rela.text.__lwp_thread_context
                0x00000000        0x0 c:/devkitpro/devkitppc/bin/../lib/gcc/powerpc-eabi/4.6.3/crtbegin.o
 .rela.text.LWP_CreateThread
                0x00000000        0x0 c:/devkitpro/devkitppc/bin/../lib/gcc/powerpc-eabi/4.6.3/crtbegin.o
 .rela.text.LWP_InitQueue
                0x00000000        0x0 c:/devkitpro/devkitppc/bin/../lib/gcc/powerpc-eabi/4.6.3/crtbegin.o
 .rela.text.LWP_CloseQueue
                0x00000000        0x0 c:/devkitpro/devkitppc/bin/../lib/gcc/powerpc-eabi/4.6.3/crtbegin.o
 .rela.text.__lwp_objmgr_initinfo
                0x00000000        0x0 c:/devkitpro/devkitppc/bin/../lib/gcc/powerpc-eabi/4.6.3/crtbegin.o
 .rela.text.__call_resetfuncs
                0x00000000        0x0 c:/devkitpro/devkitppc/bin/../lib/gcc/powerpc-eabi/4.6.3/crtbegin.o
 .rela.text.__locksram
                0x00000000        0x0 c:/devkitpro/devkitppc/bin/../lib/gcc/powerpc-eabi/4.6.3/crtbegin.o
 .rela.text.__lwp_wd_insert_ticks
                0x00000000        0x0 c:/devkitpro/devkitppc/bin/../lib/gcc/powerpc-eabi/4.6.3/crtbegin.o
 .rela.text.__unlocksram
                0x00000000        0x0 c:/devkitpro/devkitppc/bin/../lib/gcc/powerpc-eabi/4.6.3/crtbegin.o
 .rela.text.__sram_writecallback
                0x00000000        0x0 c:/devkitpro/devkitppc/bin/../lib/gcc/powerpc-eabi/4.6.3/crtbegin.o
 .rela.text.__sram_init
                0x00000000        0x0 c:/devkitpro/devkitppc/bin/../lib/gcc/powerpc-eabi/4.6.3/crtbegin.o
 .rela.text.__SYS_SyncSram
                0x00000000        0x0 c:/devkitpro/devkitppc/bin/../lib/gcc/powerpc-eabi/4.6.3/crtbegin.o
 .rela.text.SYS_Init
                0x00000000        0x0 c:/devkitpro/devkitppc/bin/../lib/gcc/powerpc-eabi/4.6.3/crtbegin.o
 .rela.text.SYS_RemoveAlarm
                0x00000000        0x0 c:/devkitpro/devkitppc/bin/../lib/gcc/powerpc-eabi/4.6.3/crtbegin.o
 .rela.text.SYS_CancelAlarm
                0x00000000        0x0 c:/devkitpro/devkitppc/bin/../lib/gcc/powerpc-eabi/4.6.3/crtbegin.o
 .rela.text.__lwp_cond_open
                0x00000000        0x0 c:/devkitpro/devkitppc/bin/../lib/gcc/powerpc-eabi/4.6.3/crtbegin.o
 .rela.text.__lwp_cond_init
                0x00000000        0x0 c:/devkitpro/devkitppc/bin/../lib/gcc/powerpc-eabi/4.6.3/crtbegin.o
 .rela.text.LWP_CondInit
                0x00000000        0x0 c:/devkitpro/devkitppc/bin/../lib/gcc/powerpc-eabi/4.6.3/crtbegin.o
 .rela.text.LWP_CondDestroy
                0x00000000        0x0 c:/devkitpro/devkitppc/bin/../lib/gcc/powerpc-eabi/4.6.3/crtbegin.o
 .rela.text.c_decrementer_handler
                0x00000000        0x0 c:/devkitpro/devkitppc/bin/../lib/gcc/powerpc-eabi/4.6.3/crtbegin.o
 .rela.text.__lwp_mqbox_free
                0x00000000        0x0 c:/devkitpro/devkitppc/bin/../lib/gcc/powerpc-eabi/4.6.3/crtbegin.o
 .rela.text.__lwp_mqbox_open
                0x00000000        0x0 c:/devkitpro/devkitppc/bin/../lib/gcc/powerpc-eabi/4.6.3/crtbegin.o
 .rela.text.__lwp_mqbox_init
                0x00000000        0x0 c:/devkitpro/devkitppc/bin/../lib/gcc/powerpc-eabi/4.6.3/crtbegin.o
 .rela.text.MQ_Init
                0x00000000        0x0 c:/devkitpro/devkitppc/bin/../lib/gcc/powerpc-eabi/4.6.3/crtbegin.o
 .rela.text.__ios_ioctlvformat_parse
                0x00000000        0x0 c:/devkitpro/devkitppc/bin/../lib/gcc/powerpc-eabi/4.6.3/crtbegin.o
 .rela.text.__ioctlvfmtCB
                0x00000000        0x0 c:/devkitpro/devkitppc/bin/../lib/gcc/powerpc-eabi/4.6.3/crtbegin.o
 .rela.text.IOS_IoctlvFormat
                0x00000000        0x0 c:/devkitpro/devkitppc/bin/../lib/gcc/powerpc-eabi/4.6.3/crtbegin.o
 .rela.text.IOS_IoctlvFormatAsync
                0x00000000        0x0 c:/devkitpro/devkitppc/bin/../lib/gcc/powerpc-eabi/4.6.3/crtbegin.o
 .rela.text.nanosleep
                0x00000000        0x0 c:/devkitpro/devkitppc/bin/../lib/gcc/powerpc-eabi/4.6.3/crtbegin.o
 .rela.text.__libc_delete_hook
                0x00000000        0x0 c:/devkitpro/devkitppc/bin/../lib/gcc/powerpc-eabi/4.6.3/crtbegin.o
 .rela.text.__libc_init
                0x00000000        0x0 c:/devkitpro/devkitppc/bin/../lib/gcc/powerpc-eabi/4.6.3/crtbegin.o
 .rela.text.__libc_wrapup
                0x00000000        0x0 c:/devkitpro/devkitppc/bin/../lib/gcc/powerpc-eabi/4.6.3/crtbegin.o
 .rela.text.__CheckARGV
                0x00000000        0x0 c:/devkitpro/devkitppc/bin/../lib/gcc/powerpc-eabi/4.6.3/crtbegin.o
 .rela.text.__lwp_priority_init
                0x00000000        0x0 c:/devkitpro/devkitppc/bin/../lib/gcc/powerpc-eabi/4.6.3/crtbegin.o
 .rela.text.__lwp_wd_remove_ticks
                0x00000000        0x0 c:/devkitpro/devkitppc/bin/../lib/gcc/powerpc-eabi/4.6.3/crtbegin.o
 .rela.text.__lwp_threadqueue_enqueue
                0x00000000        0x0 c:/devkitpro/devkitppc/bin/../lib/gcc/powerpc-eabi/4.6.3/crtbegin.o
 .rela.text.__lwp_thread_calcheir
                0x00000000        0x0 c:/devkitpro/devkitppc/bin/../lib/gcc/powerpc-eabi/4.6.3/crtbegin.o
 .rela.text.__lwp_wd_insert_ticks.constprop.4
                0x00000000        0x0 c:/devkitpro/devkitppc/bin/../lib/gcc/powerpc-eabi/4.6.3/crtbegin.o
 .rela.text.__lwp_rotate_readyqueue
                0x00000000        0x0 c:/devkitpro/devkitppc/bin/../lib/gcc/powerpc-eabi/4.6.3/crtbegin.o
 .rela.text.__lwp_thread_setpriority
                0x00000000        0x0 c:/devkitpro/devkitppc/bin/../lib/gcc/powerpc-eabi/4.6.3/crtbegin.o
 .rela.text.__lwp_thread_close
                0x00000000        0x0 c:/devkitpro/devkitppc/bin/../lib/gcc/powerpc-eabi/4.6.3/crtbegin.o
 .rela.text.__lwp_thread_closeall
                0x00000000        0x0 c:/devkitpro/devkitppc/bin/../lib/gcc/powerpc-eabi/4.6.3/crtbegin.o
 .rela.text.__lwp_thread_startmultitasking
                0x00000000        0x0 c:/devkitpro/devkitppc/bin/../lib/gcc/powerpc-eabi/4.6.3/crtbegin.o
 .rela.text.__lwp_thread_stopmultitasking
                0x00000000        0x0 c:/devkitpro/devkitppc/bin/../lib/gcc/powerpc-eabi/4.6.3/crtbegin.o
 .rela.text.__lwp_thread_coreinit
                0x00000000        0x0 c:/devkitpro/devkitppc/bin/../lib/gcc/powerpc-eabi/4.6.3/crtbegin.o
 .rela.text.__lwpmq_initialize
                0x00000000        0x0 c:/devkitpro/devkitppc/bin/../lib/gcc/powerpc-eabi/4.6.3/crtbegin.o
 .rela.text.__lwpmq_close
                0x00000000        0x0 c:/devkitpro/devkitppc/bin/../lib/gcc/powerpc-eabi/4.6.3/crtbegin.o
 .rela.text.__lwp_stack_allocate
                0x00000000        0x0 c:/devkitpro/devkitppc/bin/../lib/gcc/powerpc-eabi/4.6.3/crtbegin.o
 .rela.text.__lwp_stack_free
                0x00000000        0x0 c:/devkitpro/devkitppc/bin/../lib/gcc/powerpc-eabi/4.6.3/crtbegin.o
 .rela.text.__lwp_watchdog_init
                0x00000000        0x0 c:/devkitpro/devkitppc/bin/../lib/gcc/powerpc-eabi/4.6.3/crtbegin.o
 .rela.text.__lwp_wd_tickle
                0x00000000        0x0 c:/devkitpro/devkitppc/bin/../lib/gcc/powerpc-eabi/4.6.3/crtbegin.o
 .rela.text.__lwp_wkspace_heapfree
                0x00000000        0x0 c:/devkitpro/devkitppc/bin/../lib/gcc/powerpc-eabi/4.6.3/crtbegin.o
 .rela.text.__lwp_wkspace_heapused
                0x00000000        0x0 c:/devkitpro/devkitppc/bin/../lib/gcc/powerpc-eabi/4.6.3/crtbegin.o
 .rela.text.__lwp_wkspace_init
                0x00000000        0x0 c:/devkitpro/devkitppc/bin/../lib/gcc/powerpc-eabi/4.6.3/crtbegin.o
 .rela.text.__systemcall_init
                0x00000000        0x0 c:/devkitpro/devkitppc/bin/../lib/gcc/powerpc-eabi/4.6.3/crtbegin.o
 .rela.text.__exception_init
                0x00000000        0x0 c:/devkitpro/devkitppc/bin/../lib/gcc/powerpc-eabi/4.6.3/crtbegin.o
 .rela.text.__exception_close
                0x00000000        0x0 c:/devkitpro/devkitppc/bin/../lib/gcc/powerpc-eabi/4.6.3/crtbegin.o
 .rela.text.__exception_sethandler
                0x00000000        0x0 c:/devkitpro/devkitppc/bin/../lib/gcc/powerpc-eabi/4.6.3/crtbegin.o
 .rela.text.__irq_init
                0x00000000        0x0 c:/devkitpro/devkitppc/bin/../lib/gcc/powerpc-eabi/4.6.3/crtbegin.o
 .rela.text.__lwp_sema_open
                0x00000000        0x0 c:/devkitpro/devkitppc/bin/../lib/gcc/powerpc-eabi/4.6.3/crtbegin.o
 .rela.text.__lwp_sema_init
                0x00000000        0x0 c:/devkitpro/devkitppc/bin/../lib/gcc/powerpc-eabi/4.6.3/crtbegin.o
 .rela.text.LWP_SemInit
                0x00000000        0x0 c:/devkitpro/devkitppc/bin/../lib/gcc/powerpc-eabi/4.6.3/crtbegin.o
 .rela.text.LWP_SemDestroy
                0x00000000        0x0 c:/devkitpro/devkitppc/bin/../lib/gcc/powerpc-eabi/4.6.3/crtbegin.o
 .rela.text.__lwp_mutex_locksupp.constprop.7
                0x00000000        0x0 c:/devkitpro/devkitppc/bin/../lib/gcc/powerpc-eabi/4.6.3/crtbegin.o
 .rela.text.__lwp_mutex_init
                0x00000000        0x0 c:/devkitpro/devkitppc/bin/../lib/gcc/powerpc-eabi/4.6.3/crtbegin.o
 .rela.text.LWP_MutexInit
                0x00000000        0x0 c:/devkitpro/devkitppc/bin/../lib/gcc/powerpc-eabi/4.6.3/crtbegin.o
 .rela.text.LWP_MutexDestroy
                0x00000000        0x0 c:/devkitpro/devkitppc/bin/../lib/gcc/powerpc-eabi/4.6.3/crtbegin.o
 .rela.text.LWP_MutexUnlock
                0x00000000        0x0 c:/devkitpro/devkitppc/bin/../lib/gcc/powerpc-eabi/4.6.3/crtbegin.o
 .rela.text.__GX_FifoLink
                0x00000000        0x0 c:/devkitpro/devkitppc/bin/../lib/gcc/powerpc-eabi/4.6.3/crtbegin.o
 .rela.text.__GX_WriteFifoIntEnable
                0x00000000        0x0 c:/devkitpro/devkitppc/bin/../lib/gcc/powerpc-eabi/4.6.3/crtbegin.o
 .rela.text.__GX_FifoReadEnable
                0x00000000        0x0 c:/devkitpro/devkitppc/bin/../lib/gcc/powerpc-eabi/4.6.3/crtbegin.o
 .rela.text.__GX_FifoReadDisable
                0x00000000        0x0 c:/devkitpro/devkitppc/bin/../lib/gcc/powerpc-eabi/4.6.3/crtbegin.o
 .rela.text.__GX_InitRevBits
                0x00000000        0x0 c:/devkitpro/devkitppc/bin/../lib/gcc/powerpc-eabi/4.6.3/crtbegin.o
 .rela.text.__GXDefTexRegionCallback
                0x00000000        0x0 c:/devkitpro/devkitppc/bin/../lib/gcc/powerpc-eabi/4.6.3/crtbegin.o
 .rela.text.__GXDefTlutRegionCallback
                0x00000000        0x0 c:/devkitpro/devkitppc/bin/../lib/gcc/powerpc-eabi/4.6.3/crtbegin.o
 .rela.text.__GX_FlushTextureState
                0x00000000        0x0 c:/devkitpro/devkitppc/bin/../lib/gcc/powerpc-eabi/4.6.3/crtbegin.o
 .rela.text.__SetSURegs
                0x00000000        0x0 c:/devkitpro/devkitppc/bin/../lib/gcc/powerpc-eabi/4.6.3/crtbegin.o
 .rela.text.__SETVCDFMT
                0x00000000        0x0 c:/devkitpro/devkitppc/bin/../lib/gcc/powerpc-eabi/4.6.3/crtbegin.o
 .rela.text.__GX_SetMatrixIndex
                0x00000000        0x0 c:/devkitpro/devkitppc/bin/../lib/gcc/powerpc-eabi/4.6.3/crtbegin.o
 .rela.text.__GX_SetDirtyState
                0x00000000        0x0 c:/devkitpro/devkitppc/bin/../lib/gcc/powerpc-eabi/4.6.3/crtbegin.o
 .rela.text.__SETVCDATTR
                0x00000000        0x0 c:/devkitpro/devkitppc/bin/../lib/gcc/powerpc-eabi/4.6.3/crtbegin.o
 .rela.text.__GX_WriteFifoIntReset.constprop.6
                0x00000000        0x0 c:/devkitpro/devkitppc/bin/../lib/gcc/powerpc-eabi/4.6.3/crtbegin.o
 .rela.text.__GXCPInterruptHandler
                0x00000000        0x0 c:/devkitpro/devkitppc/bin/../lib/gcc/powerpc-eabi/4.6.3/crtbegin.o
 .rela.text.GX_Flush
                0x00000000        0x0 c:/devkitpro/devkitppc/bin/../lib/gcc/powerpc-eabi/4.6.3/crtbegin.o
 .rela.text.GX_EnableBreakPt
                0x00000000        0x0 c:/devkitpro/devkitppc/bin/../lib/gcc/powerpc-eabi/4.6.3/crtbegin.o
 .rela.text.GX_DisableBreakPt
                0x00000000        0x0 c:/devkitpro/devkitppc/bin/../lib/gcc/powerpc-eabi/4.6.3/crtbegin.o
 .rela.text.GX_AbortFrame
                0x00000000        0x0 c:/devkitpro/devkitppc/bin/../lib/gcc/powerpc-eabi/4.6.3/crtbegin.o
 .rela.text.GX_PixModeSync
                0x00000000        0x0 c:/devkitpro/devkitppc/bin/../lib/gcc/powerpc-eabi/4.6.3/crtbegin.o
 .rela.text.GX_SetMisc
                0x00000000        0x0 c:/devkitpro/devkitppc/bin/../lib/gcc/powerpc-eabi/4.6.3/crtbegin.o
 .rela.text.GX_SetCopyClamp
                0x00000000        0x0 c:/devkitpro/devkitppc/bin/../lib/gcc/powerpc-eabi/4.6.3/crtbegin.o
 .rela.text.GX_SetDispCopyGamma
                0x00000000        0x0 c:/devkitpro/devkitppc/bin/../lib/gcc/powerpc-eabi/4.6.3/crtbegin.o
 .rela.text.GX_SetDispCopyFrame2Field
                0x00000000        0x0 c:/devkitpro/devkitppc/bin/../lib/gcc/powerpc-eabi/4.6.3/crtbegin.o
 .rela.text.GX_SetDispCopyYScale
                0x00000000        0x0 c:/devkitpro/devkitppc/bin/../lib/gcc/powerpc-eabi/4.6.3/crtbegin.o
 .rela.text.GX_SetDispCopyDst
                0x00000000        0x0 c:/devkitpro/devkitppc/bin/../lib/gcc/powerpc-eabi/4.6.3/crtbegin.o
 .rela.text.GX_SetDispCopySrc
                0x00000000        0x0 c:/devkitpro/devkitppc/bin/../lib/gcc/powerpc-eabi/4.6.3/crtbegin.o
 .rela.text.GX_CopyDisp
                0x00000000        0x0 c:/devkitpro/devkitppc/bin/../lib/gcc/powerpc-eabi/4.6.3/crtbegin.o
 .rela.text.GX_CopyTex
                0x00000000        0x0 c:/devkitpro/devkitppc/bin/../lib/gcc/powerpc-eabi/4.6.3/crtbegin.o
 .rela.text.GX_SetTexCopySrc
                0x00000000        0x0 c:/devkitpro/devkitppc/bin/../lib/gcc/powerpc-eabi/4.6.3/crtbegin.o
 .rela.text.GX_SetTexCopyDst
                0x00000000        0x0 c:/devkitpro/devkitppc/bin/../lib/gcc/powerpc-eabi/4.6.3/crtbegin.o
 .rela.text.GX_BeginDispList
                0x00000000        0x0 c:/devkitpro/devkitppc/bin/../lib/gcc/powerpc-eabi/4.6.3/crtbegin.o
 .rela.text.GX_EndDispList
                0x00000000        0x0 c:/devkitpro/devkitppc/bin/../lib/gcc/powerpc-eabi/4.6.3/crtbegin.o
 .rela.text.GX_CallDispList
                0x00000000        0x0 c:/devkitpro/devkitppc/bin/../lib/gcc/powerpc-eabi/4.6.3/crtbegin.o
 .rela.text.GX_SetChanCtrl
                0x00000000        0x0 c:/devkitpro/devkitppc/bin/../lib/gcc/powerpc-eabi/4.6.3/crtbegin.o
 .rela.text.GX_SetChanAmbColor
                0x00000000        0x0 c:/devkitpro/devkitppc/bin/../lib/gcc/powerpc-eabi/4.6.3/crtbegin.o
 .rela.text.GX_SetChanMatColor
                0x00000000        0x0 c:/devkitpro/devkitppc/bin/../lib/gcc/powerpc-eabi/4.6.3/crtbegin.o
 .rela.text.GX_SetVtxDesc
                0x00000000        0x0 c:/devkitpro/devkitppc/bin/../lib/gcc/powerpc-eabi/4.6.3/crtbegin.o
 .rela.text.GX_SetVtxDescv
                0x00000000        0x0 c:/devkitpro/devkitppc/bin/../lib/gcc/powerpc-eabi/4.6.3/crtbegin.o
 .rela.text.GX_GetVtxDescv
                0x00000000        0x0 c:/devkitpro/devkitppc/bin/../lib/gcc/powerpc-eabi/4.6.3/crtbegin.o
 .rela.text.GX_SetVtxAttrFmt
                0x00000000        0x0 c:/devkitpro/devkitppc/bin/../lib/gcc/powerpc-eabi/4.6.3/crtbegin.o
 .rela.text.GX_SetVtxAttrFmtv
                0x00000000        0x0 c:/devkitpro/devkitppc/bin/../lib/gcc/powerpc-eabi/4.6.3/crtbegin.o
 .rela.text.GX_Begin
                0x00000000        0x0 c:/devkitpro/devkitppc/bin/../lib/gcc/powerpc-eabi/4.6.3/crtbegin.o
 .rela.text.GX_SetTexCoordGen2
                0x00000000        0x0 c:/devkitpro/devkitppc/bin/../lib/gcc/powerpc-eabi/4.6.3/crtbegin.o
 .rela.text.GX_SetCurrentMtx
                0x00000000        0x0 c:/devkitpro/devkitppc/bin/../lib/gcc/powerpc-eabi/4.6.3/crtbegin.o
 .rela.text.GX_SetNumTexGens
                0x00000000        0x0 c:/devkitpro/devkitppc/bin/../lib/gcc/powerpc-eabi/4.6.3/crtbegin.o
 .rela.text.GX_SetZMode
                0x00000000        0x0 c:/devkitpro/devkitppc/bin/../lib/gcc/powerpc-eabi/4.6.3/crtbegin.o
 .rela.text.GX_LoadTexObjPreloaded
                0x00000000        0x0 c:/devkitpro/devkitppc/bin/../lib/gcc/powerpc-eabi/4.6.3/crtbegin.o
 .rela.text.GX_SetTexCoordScaleManually
                0x00000000        0x0 c:/devkitpro/devkitppc/bin/../lib/gcc/powerpc-eabi/4.6.3/crtbegin.o
 .rela.text.GX_SetTexCoordCylWrap
                0x00000000        0x0 c:/devkitpro/devkitppc/bin/../lib/gcc/powerpc-eabi/4.6.3/crtbegin.o
 .rela.text.GX_SetTexCoordBias
                0x00000000        0x0 c:/devkitpro/devkitppc/bin/../lib/gcc/powerpc-eabi/4.6.3/crtbegin.o
 .rela.text.GX_SetBlendMode
                0x00000000        0x0 c:/devkitpro/devkitppc/bin/../lib/gcc/powerpc-eabi/4.6.3/crtbegin.o
 .rela.text.GX_ClearVtxDesc
                0x00000000        0x0 c:/devkitpro/devkitppc/bin/../lib/gcc/powerpc-eabi/4.6.3/crtbegin.o
 .rela.text.GX_SetLineWidth
                0x00000000        0x0 c:/devkitpro/devkitppc/bin/../lib/gcc/powerpc-eabi/4.6.3/crtbegin.o
 .rela.text.GX_SetPointSize
                0x00000000        0x0 c:/devkitpro/devkitppc/bin/../lib/gcc/powerpc-eabi/4.6.3/crtbegin.o
 .rela.text.GX_SetTevColorIn
                0x00000000        0x0 c:/devkitpro/devkitppc/bin/../lib/gcc/powerpc-eabi/4.6.3/crtbegin.o
 .rela.text.GX_SetTevAlphaIn
                0x00000000        0x0 c:/devkitpro/devkitppc/bin/../lib/gcc/powerpc-eabi/4.6.3/crtbegin.o
 .rela.text.GX_SetTevColorOp
                0x00000000        0x0 c:/devkitpro/devkitppc/bin/../lib/gcc/powerpc-eabi/4.6.3/crtbegin.o
 .rela.text.GX_SetTevAlphaOp
                0x00000000        0x0 c:/devkitpro/devkitppc/bin/../lib/gcc/powerpc-eabi/4.6.3/crtbegin.o
 .rela.text.GX_SetCullMode
                0x00000000        0x0 c:/devkitpro/devkitppc/bin/../lib/gcc/powerpc-eabi/4.6.3/crtbegin.o
 .rela.text.GX_SetCoPlanar
                0x00000000        0x0 c:/devkitpro/devkitppc/bin/../lib/gcc/powerpc-eabi/4.6.3/crtbegin.o
 .rela.text.GX_EnableTexOffsets
                0x00000000        0x0 c:/devkitpro/devkitppc/bin/../lib/gcc/powerpc-eabi/4.6.3/crtbegin.o
 .rela.text.GX_SetScissor
                0x00000000        0x0 c:/devkitpro/devkitppc/bin/../lib/gcc/powerpc-eabi/4.6.3/crtbegin.o
 .rela.text.GX_SetNumChans
                0x00000000        0x0 c:/devkitpro/devkitppc/bin/../lib/gcc/powerpc-eabi/4.6.3/crtbegin.o
 .rela.text.GX_SetTevOrder
                0x00000000        0x0 c:/devkitpro/devkitppc/bin/../lib/gcc/powerpc-eabi/4.6.3/crtbegin.o
 .rela.text.GX_SetNumTevStages
                0x00000000        0x0 c:/devkitpro/devkitppc/bin/../lib/gcc/powerpc-eabi/4.6.3/crtbegin.o
 .rela.text.GX_SetTevKColorSel
                0x00000000        0x0 c:/devkitpro/devkitppc/bin/../lib/gcc/powerpc-eabi/4.6.3/crtbegin.o
 .rela.text.GX_SetTevKAlphaSel
                0x00000000        0x0 c:/devkitpro/devkitppc/bin/../lib/gcc/powerpc-eabi/4.6.3/crtbegin.o
 .rela.text.GX_SetTevSwapMode
                0x00000000        0x0 c:/devkitpro/devkitppc/bin/../lib/gcc/powerpc-eabi/4.6.3/crtbegin.o
 .rela.text.GX_SetTevSwapModeTable
                0x00000000        0x0 c:/devkitpro/devkitppc/bin/../lib/gcc/powerpc-eabi/4.6.3/crtbegin.o
 .rela.text.GX_SetNumIndStages
                0x00000000        0x0 c:/devkitpro/devkitppc/bin/../lib/gcc/powerpc-eabi/4.6.3/crtbegin.o
 .rela.text.GX_SetIndTexCoordScale
                0x00000000        0x0 c:/devkitpro/devkitppc/bin/../lib/gcc/powerpc-eabi/4.6.3/crtbegin.o
 .rela.text.GX_SetColorUpdate
                0x00000000        0x0 c:/devkitpro/devkitppc/bin/../lib/gcc/powerpc-eabi/4.6.3/crtbegin.o
 .rela.text.GX_SetAlphaUpdate
                0x00000000        0x0 c:/devkitpro/devkitppc/bin/../lib/gcc/powerpc-eabi/4.6.3/crtbegin.o
 .rela.text.GX_SetZCompLoc
                0x00000000        0x0 c:/devkitpro/devkitppc/bin/../lib/gcc/powerpc-eabi/4.6.3/crtbegin.o
 .rela.text.GX_SetPixelFmt
                0x00000000        0x0 c:/devkitpro/devkitppc/bin/../lib/gcc/powerpc-eabi/4.6.3/crtbegin.o
 .rela.text.GX_SetDither
                0x00000000        0x0 c:/devkitpro/devkitppc/bin/../lib/gcc/powerpc-eabi/4.6.3/crtbegin.o
 .rela.text.GX_SetDstAlpha
                0x00000000        0x0 c:/devkitpro/devkitppc/bin/../lib/gcc/powerpc-eabi/4.6.3/crtbegin.o
 .rela.text.GX_SetFieldMode
                0x00000000        0x0 c:/devkitpro/devkitppc/bin/../lib/gcc/powerpc-eabi/4.6.3/crtbegin.o
 .rela.text.GX_SetIndTexOrder
                0x00000000        0x0 c:/devkitpro/devkitppc/bin/../lib/gcc/powerpc-eabi/4.6.3/crtbegin.o
 .rela.text.GX_SetGPMetric
                0x00000000        0x0 c:/devkitpro/devkitppc/bin/../lib/gcc/powerpc-eabi/4.6.3/crtbegin.o
 .rela.text.GX_Init
                0x00000000        0x0 c:/devkitpro/devkitppc/bin/../lib/gcc/powerpc-eabi/4.6.3/crtbegin.o
 .rela.text.GX_ReadGPMetric
                0x00000000        0x0 c:/devkitpro/devkitppc/bin/../lib/gcc/powerpc-eabi/4.6.3/crtbegin.o
 .rela.text.kprintf
                0x00000000        0x0 c:/devkitpro/devkitppc/bin/../lib/gcc/powerpc-eabi/4.6.3/crtbegin.o
 .rela.text.__console_init
                0x00000000        0x0 c:/devkitpro/devkitppc/bin/../lib/gcc/powerpc-eabi/4.6.3/crtbegin.o
 .rela.text.__console_init_ex
                0x00000000        0x0 c:/devkitpro/devkitppc/bin/../lib/gcc/powerpc-eabi/4.6.3/crtbegin.o
 .rela.text.CON_EnableGecko
                0x00000000        0x0 c:/devkitpro/devkitppc/bin/../lib/gcc/powerpc-eabi/4.6.3/crtbegin.o
 .rela.text.sinef
                0x00000000        0x0 c:/devkitpro/devkitppc/bin/../lib/gcc/powerpc-eabi/4.6.3/crtbegin.o
 .rela.text.sqrtf
                0x00000000        0x0 c:/devkitpro/devkitppc/bin/../lib/gcc/powerpc-eabi/4.6.3/crtbegin.o
 .rela.text.calloc
                0x00000000        0x0 c:/devkitpro/devkitppc/bin/../lib/gcc/powerpc-eabi/4.6.3/crtbegin.o
 .rela.text.__errno
                0x00000000        0x0 c:/devkitpro/devkitppc/bin/../lib/gcc/powerpc-eabi/4.6.3/crtbegin.o
 .rela.text.exit
                0x00000000        0x0 c:/devkitpro/devkitppc/bin/../lib/gcc/powerpc-eabi/4.6.3/crtbegin.o
 .rela.text.fprintf
                0x00000000        0x0 c:/devkitpro/devkitppc/bin/../lib/gcc/powerpc-eabi/4.6.3/crtbegin.o
 .rela.text._malloc_trim_r
                0x00000000        0x0 c:/devkitpro/devkitppc/bin/../lib/gcc/powerpc-eabi/4.6.3/crtbegin.o
 .rela.text._free_r
                0x00000000        0x0 c:/devkitpro/devkitppc/bin/../lib/gcc/powerpc-eabi/4.6.3/crtbegin.o
 .rela.text.fwrite
                0x00000000        0x0 c:/devkitpro/devkitppc/bin/../lib/gcc/powerpc-eabi/4.6.3/crtbegin.o
 .rela.text.setvbuf
                0x00000000        0x0 c:/devkitpro/devkitppc/bin/../lib/gcc/powerpc-eabi/4.6.3/crtbegin.o
 .rela.text._strtod_r
                0x00000000        0x0 c:/devkitpro/devkitppc/bin/../lib/gcc/powerpc-eabi/4.6.3/crtbegin.o
 .rela.text._svfprintf_r
                0x00000000        0x0 c:/devkitpro/devkitppc/bin/../lib/gcc/powerpc-eabi/4.6.3/crtbegin.o
 .rela.text._vfprintf_r
                0x00000000        0x0 c:/devkitpro/devkitppc/bin/../lib/gcc/powerpc-eabi/4.6.3/crtbegin.o
 .rela.text._wcrtomb_r
                0x00000000        0x0 c:/devkitpro/devkitppc/bin/../lib/gcc/powerpc-eabi/4.6.3/crtbegin.o
 .rela.text.wcrtomb
                0x00000000        0x0 c:/devkitpro/devkitppc/bin/../lib/gcc/powerpc-eabi/4.6.3/crtbegin.o
 .rela.text.__call_exitprocs
                0x00000000        0x0 c:/devkitpro/devkitppc/bin/../lib/gcc/powerpc-eabi/4.6.3/crtbegin.o
 .rela.text._dtoa_r
                0x00000000        0x0 c:/devkitpro/devkitppc/bin/../lib/gcc/powerpc-eabi/4.6.3/crtbegin.o
 .rela.text._cleanup_r
                0x00000000        0x0 c:/devkitpro/devkitppc/bin/../lib/gcc/powerpc-eabi/4.6.3/crtbegin.o
 .rela.text.std.isra.0
                0x00000000        0x0 c:/devkitpro/devkitppc/bin/../lib/gcc/powerpc-eabi/4.6.3/crtbegin.o
 .rela.text.__hexdig_init
                0x00000000        0x0 c:/devkitpro/devkitppc/bin/../lib/gcc/powerpc-eabi/4.6.3/crtbegin.o
 .rela.text.__gethex
                0x00000000        0x0 c:/devkitpro/devkitppc/bin/../lib/gcc/powerpc-eabi/4.6.3/crtbegin.o
 .rela.text.__hexnan
                0x00000000        0x0 c:/devkitpro/devkitppc/bin/../lib/gcc/powerpc-eabi/4.6.3/crtbegin.o
 .rela.text.loadlocale
                0x00000000        0x0 c:/devkitpro/devkitppc/bin/../lib/gcc/powerpc-eabi/4.6.3/crtbegin.o
 .rela.text.__smakebuf_r
                0x00000000        0x0 c:/devkitpro/devkitppc/bin/../lib/gcc/powerpc-eabi/4.6.3/crtbegin.o
 .rela.text._findenv_r
                0x00000000        0x0 c:/devkitpro/devkitppc/bin/../lib/gcc/powerpc-eabi/4.6.3/crtbegin.o

.rel.fini
 *(.rel.fini)

.rela.fini
 *(.rela.fini)

.rel.rodata
 *(.rel.rodata .rel.rodata.* .rel.gnu.linkonce.r.*)

.rela.rodata    0x80004194        0x0
 *(.rela.rodata .rela.rodata.* .rela.gnu.linkonce.r.*)
 .rela.rodata.synth_base
                0x00000000        0x0 c:/devkitpro/devkitppc/bin/../lib/gcc/powerpc-eabi/4.6.3/crtbegin.o

.rel.data
 *(.rel.data .rel.data.* .rel.gnu.linkonce.d.*)

.rela.data      0x80004194        0x0
 *(.rela.data .rela.data.* .rela.gnu.linkonce.d.*)
 .rela.data.drv_nos
                0x00000000        0x0 c:/devkitpro/devkitppc/bin/../lib/gcc/powerpc-eabi/4.6.3/crtbegin.o

.rel.tdata
 *(.rel.tdata .rel.tdata.* .rel.gnu.linkonce.td.*)

.rela.tdata
 *(.rela.tdata .rela.tdata.* .rela.gnu.linkonce.td.*)

.rel.tbss
 *(.rel.tbss .rel.tbss.* .rel.gnu.linkonce.tb.*)

.rela.tbss
 *(.rela.tbss .rela.tbss.* .rela.gnu.linkonce.tb.*)

.rel.ctors
 *(.rel.ctors)

.rela.ctors
 *(.rela.ctors)

.rel.dtors
 *(.rel.dtors)

.rela.dtors
 *(.rela.dtors)

.rel.got
 *(.rel.got)

.rela.got
 *(.rela.got)

.rela.got1
 *(.rela.got1)

.rela.got2      0x80004194        0x0
 *(.rela.got2)
 .rela.got2     0x00000000        0x0 c:/devkitpro/devkitppc/bin/../lib/gcc/powerpc-eabi/4.6.3/crtbegin.o

.rel.sdata
 *(.rel.sdata .rel.sdata.* .rel.gnu.linkonce.s.*)

.rela.sdata     0x80004194        0x0
 *(.rela.sdata .rela.sdata.* .rela.gnu.linkonce.s.*)
 .rela.sdata.md_player
                0x00000000        0x0 c:/devkitpro/devkitppc/bin/../lib/gcc/powerpc-eabi/4.6.3/crtbegin.o

.rel.sbss
 *(.rel.sbss .rel.sbss.* .rel.gnu.linkonce.sb.*)

.rela.sbss
 *(.rela.sbss .rela.sbss.* .rel.gnu.linkonce.sb.*)

.rel.sdata2
 *(.rel.sdata2 .rel.sdata2.* .rel.gnu.linkonce.s2.*)

.rela.sdata2
 *(.rela.sdata2 .rela.sdata2.* .rela.gnu.linkonce.s2.*)

.rel.sbss2
 *(.rel.sbss2 .rel.sbss2.* .rel.gnu.linkonce.sb2.*)

.rela.sbss2
 *(.rela.sbss2 .rela.sbss2.* .rela.gnu.linkonce.sb2.*)

.rel.bss
 *(.rel.bss .rel.bss.* .rel.gnu.linkonce.b.*)

.rela.bss
 *(.rela.bss .rela.bss.* .rela.gnu.linkonce.b.*)

.rel.plt
 *(.rel.plt)

.rela.plt
 *(.rela.plt)

.text           0x800041a0    0x145c0
 *(.text)
 .text          0x800041a0      0x168 c:/devkitpro/devkitppc/bin/../lib/gcc/powerpc-eabi/4.6.3/crtbegin.o
 .text          0x80004308       0x44 c:/devkitpro/devkitppc/bin/../lib/gcc/powerpc-eabi/4.6.3/../../../../powerpc-eabi/lib/crtmain.o
                0x8000430c                __crtmain
 .text          0x8000434c      0x4f4 c:/devkitPro/libogc/lib/wii\libogc.a(cache_asm.o)
                0x8000434c                DCFlashInvalidate
                0x80004360                DCEnable
                0x80004374                DCDisable
                0x80004388                DCFreeze
                0x8000439c                DCUnfreeze
                0x800043b0                DCTouchLoad
                0x800043b8                DCBlockZero
                0x800043c0                DCBlockStore
                0x800043c8                DCBlockFlush
                0x800043d0                DCBlockInvalidate
                0x800043d8                DCInvalidateRange
                0x80004408                DCFlushRange
                0x8000443c                DCStoreRange
                0x80004470                DCFlushRangeNoSync
                0x800044a0                DCStoreRangeNoSync
                0x800044d0                DCZeroRange
                0x80004500                DCTouchRange
                0x80004530                ICInvalidateRange
                0x80004568                ICFlashInvalidate
                0x8000457c                ICEnable
                0x80004590                ICDisable
                0x800045a4                ICFreeze
                0x800045b8                ICUnfreeze
                0x800045cc                ICBlockInvalidate
                0x800045d4                ICSync
                0x800045dc                L2Init
                0x80004624                L2Enable
                0x80004640                L2Disable
                0x80004658                L2GlobalInvalidate
                0x800046b0                __LCEnable
                0x8000477c                LCDisable
                0x800047a4                LCAllocOneTag
                0x800047b8                LCAllocTags
                0x800047f8                LCLoadBlocks
                0x8000481c                LCStoreBlocks
 .text          0x80004840      0x44c c:/devkitPro/libogc/lib/wii\libogc.a(lwp_handler.o)
                0x80004840                _cpu_context_save_fp
                0x80004980                _cpu_context_restore_fp
                0x80004ac0                _cpu_context_switch
                0x80004ba0                _cpu_context_save
                0x80004c20                _cpu_context_restore
 .text          0x80004c8c      0x1ac c:/devkitPro/libogc/lib/wii\libogc.a(irq_handler.o)
                0x80004c8c                irq_exceptionhandler
 .text          0x80004e38      0x4a0 c:/devkitPro/libogc/lib/wii\libogc.a(system_asm.o)
                0x80004e38                __realmode
                0x80004e50                __configBATS
                0x80004f80                __InitFPRS
                0x800050ac                __InitPS
                0x80005108                __InitCache
                0x80005160                __InitSystem
                0x800051e8                __flush_cache
                0x8000521c                __reset
                0x8000528c                __InitBATS
                0x800052a8                SYS_SwitchFiber
 .text          0x800052d8      0x1ac c:/devkitPro/libogc/lib/wii\libogc.a(decrementer_handler.o)
                0x800052d8                dec_exceptionhandler
 .text          0x80005484      0x35c c:/devkitPro/libogc/lib/wii\libogc.a(exception_handler.o)
                0x80005484                exceptionhandler_start
                0x80005500                exceptionhandler_patch
                0x80005534                exceptionhandler_end
                0x80005538                default_exceptionhandler
                0x80005668                fpu_exceptionhandler
                0x800057b0                systemcallhandler_start
                0x800057dc                systemcallhandler_end
 .text          0x800057e0       0x40 c:/devkitpro/devkitppc/bin/../lib/gcc/powerpc-eabi/4.6.3\libgcc.a(_ashldi3.o)
                0x800057e0                __ashldi3
 .text          0x80005820      0x400 c:/devkitpro/devkitppc/bin/../lib/gcc/powerpc-eabi/4.6.3\libgcc.a(_udivdi3.o)
                0x80005820                __udivdi3
 .text          0x80005c20      0x3d4 c:/devkitpro/devkitppc/bin/../lib/gcc/powerpc-eabi/4.6.3\libgcc.a(_umoddi3.o)
                0x80005c20                __umoddi3
 .text          0x80005ff4       0x4c c:/devkitpro/devkitppc/bin/../lib/gcc/powerpc-eabi/4.6.3\libgcc.a(crtsavgpr.o)
                0x80005ff4                _savegpr_14
                0x80005ff8                _savegpr_15
                0x80005ffc                _savegpr_16
                0x80006000                _savegpr_17
                0x80006004                _savegpr_18
                0x80006008                _savegpr_19
                0x8000600c                _savegpr_20
                0x80006010                _savegpr_21
                0x80006014                _savegpr_22
                0x80006018                _savegpr_23
                0x8000601c                _savegpr_24
                0x80006020                _savegpr_25
                0x80006024                _savegpr_26
                0x80006028                _savegpr_27
                0x8000602c                _savegpr_28
                0x80006030                _savegpr_29
                0x80006034                _savegpr_30
                0x80006038                _savegpr_31
 .text          0x80006040       0x58 c:/devkitpro/devkitppc/bin/../lib/gcc/powerpc-eabi/4.6.3\libgcc.a(crtresxgpr.o)
                0x80006040                _restgpr_14_x
                0x80006044                _restgpr_15_x
                0x80006048                _restgpr_16_x
                0x8000604c                _restgpr_17_x
                0x80006050                _restgpr_18_x
                0x80006054                _restgpr_19_x
                0x80006058                _restgpr_20_x
                0x8000605c                _restgpr_21_x
                0x80006060                _restgpr_22_x
                0x80006064                _restgpr_23_x
                0x80006068                _restgpr_24_x
                0x8000606c                _restgpr_25_x
                0x80006070                _restgpr_26_x
                0x80006074                _restgpr_27_x
                0x80006078                _restgpr_28_x
                0x8000607c                _restgpr_29_x
                0x80006080                _restgpr_30_x
                0x80006084                _restgpr_31_x
 .text          0x80006098       0x28 c:/devkitpro/devkitppc/bin/../lib/gcc/powerpc-eabi/4.6.3/../../../../powerpc-eabi/lib\libsysbase.a(abort.o)
                0x80006098                abort
 .text          0x800060c0      0x2ec c:/devkitpro/devkitppc/bin/../lib/gcc/powerpc-eabi/4.6.3/../../../../powerpc-eabi/lib\libsysbase.a(iosupport.o)
                0x800060c0                setDefaultDevice
                0x800060d8                FindDevice
                0x800061fc                RemoveDevice
                0x8000624c                AddDevice
                0x80006368                GetDeviceOpTab
 .text          0x800063ac       0x28 c:/devkitpro/devkitppc/bin/../lib/gcc/powerpc-eabi/4.6.3/../../../../powerpc-eabi/lib\libsysbase.a(_exit.o)
                0x800063ac                _exit
 .text          0x800063d4       0x90 c:/devkitpro/devkitppc/bin/../lib/gcc/powerpc-eabi/4.6.3/../../../../powerpc-eabi/lib\libsysbase.a(build_argv.o)
                0x800063d4                build_argv
 .text          0x80006464      0x168 c:/devkitpro/devkitppc/bin/../lib/gcc/powerpc-eabi/4.6.3/../../../../powerpc-eabi/lib\libsysbase.a(syscall_support.o)
                0x80006464                __libc_lock_init
                0x800064a4                __libc_lock_close
                0x800064e4                __libc_lock_release
                0x80006524                __libc_lock_acquire
                0x80006564                __malloc_lock
                0x80006598                __malloc_unlock
 .text          0x800065cc       0x98 c:/devkitpro/devkitppc/bin/../lib/gcc/powerpc-eabi/4.6.3/../../../../powerpc-eabi/lib\libsysbase.a(close.o)
                0x800065cc                _close_r
 .text          0x80006664       0xcc c:/devkitpro/devkitppc/bin/../lib/gcc/powerpc-eabi/4.6.3/../../../../powerpc-eabi/lib\libsysbase.a(lseek.o)
                0x80006664                _lseek_r
 .text          0x80006730       0xac c:/devkitpro/devkitppc/bin/../lib/gcc/powerpc-eabi/4.6.3/../../../../powerpc-eabi/lib\libsysbase.a(read.o)
                0x80006730                _read_r
 .text          0x800067dc       0x50 c:/devkitpro/devkitppc/bin/../lib/gcc/powerpc-eabi/4.6.3/../../../../powerpc-eabi/lib\libsysbase.a(sbrk.o)
                0x800067dc                _sbrk_r
 .text          0x8000682c       0xac c:/devkitpro/devkitppc/bin/../lib/gcc/powerpc-eabi/4.6.3/../../../../powerpc-eabi/lib\libsysbase.a(write.o)
                0x8000682c                _write_r
 .text          0x800068d8       0x6c c:/devkitpro/devkitppc/bin/../lib/gcc/powerpc-eabi/4.6.3/../../../../powerpc-eabi/lib\libsysbase.a(flock.o)
                0x800068d8                __flockfile
                0x80006920                __funlockfile
 .text          0x80006944      0x174 c:/devkitpro/devkitppc/bin/../lib/gcc/powerpc-eabi/4.6.3/../../../../powerpc-eabi/lib\libsysbase.a(handle_manager.o)
                0x80006944                __release_handle
                0x800069a0                __alloc_handle
                0x80006a94                __get_handle
 .text          0x80006ab8       0x6c c:/devkitpro/devkitppc/bin/../lib/gcc/powerpc-eabi/4.6.3/crtend.o
 *(.text.*)
 .text.__lwp_objmgr_open
                0x80006b24       0x20 c:/devkitPro/libogc/lib/wii\libogc.a(lwp.o)
 .text.__lwp_thread_dispatchdisable
                0x80006b44       0x10 c:/devkitPro/libogc/lib/wii\libogc.a(lwp.o)
 .text.idle_func
                0x80006b54        0x4 c:/devkitPro/libogc/lib/wii\libogc.a(lwp.o)
 .text.__lwp_thread_dispatchenable
                0x80006b58       0x34 c:/devkitPro/libogc/lib/wii\libogc.a(lwp.o)
 .text.__lwp_tqueue_open
                0x80006b8c       0x48 c:/devkitPro/libogc/lib/wii\libogc.a(lwp.o)
 .text.__lwp_sysinit
                0x80006bd4       0xec c:/devkitPro/libogc/lib/wii\libogc.a(lwp.o)
                0x80006bd4                __lwp_sysinit
 .text.LWP_InitQueue
                0x80006cc0       0x84 c:/devkitPro/libogc/lib/wii\libogc.a(lwp.o)
                0x80006cc0                LWP_InitQueue
 .text.LWP_CloseQueue
                0x80006d44       0x68 c:/devkitPro/libogc/lib/wii\libogc.a(lwp.o)
                0x80006d44                LWP_CloseQueue
 .text.LWP_ThreadSleep
                0x80006dac       0xa0 c:/devkitPro/libogc/lib/wii\libogc.a(lwp.o)
                0x80006dac                LWP_ThreadSleep
 .text.LWP_ThreadBroadcast
                0x80006e4c       0x50 c:/devkitPro/libogc/lib/wii\libogc.a(lwp.o)
                0x80006e4c                LWP_ThreadBroadcast
 .text.LWP_ThreadSignal
                0x80006e9c       0x40 c:/devkitPro/libogc/lib/wii\libogc.a(lwp.o)
                0x80006e9c                LWP_ThreadSignal
 .text.__lwp_objmgr_initinfo
                0x80006edc      0x148 c:/devkitPro/libogc/lib/wii\libogc.a(lwp_objmgr.o)
                0x80006edc                __lwp_objmgr_initinfo
 .text.__lwp_objmgr_getisrdisable
                0x80007024       0x68 c:/devkitPro/libogc/lib/wii\libogc.a(lwp_objmgr.o)
                0x80007024                __lwp_objmgr_getisrdisable
 .text.__lwp_objmgr_getnoprotection
                0x8000708c       0x24 c:/devkitPro/libogc/lib/wii\libogc.a(lwp_objmgr.o)
                0x8000708c                __lwp_objmgr_getnoprotection
 .text.__lwp_objmgr_get
                0x800070b0       0x68 c:/devkitPro/libogc/lib/wii\libogc.a(lwp_objmgr.o)
                0x800070b0                __lwp_objmgr_get
 .text.__lwp_objmgr_allocate
                0x80007118       0x78 c:/devkitPro/libogc/lib/wii\libogc.a(lwp_objmgr.o)
                0x80007118                __lwp_objmgr_allocate
 .text.__lwp_objmgr_free
                0x80007190       0x60 c:/devkitPro/libogc/lib/wii\libogc.a(lwp_objmgr.o)
                0x80007190                __lwp_objmgr_free
 .text.__lwp_heap_init
                0x800071f0       0xb0 c:/devkitPro/libogc/lib/wii\libogc.a(lwp_heap.o)
                0x800071f0                __lwp_heap_init
 .text.__lwp_heap_allocate
                0x800072a0      0x130 c:/devkitPro/libogc/lib/wii\libogc.a(lwp_heap.o)
                0x800072a0                __lwp_heap_allocate
 .text.__lwp_heap_free
                0x800073d0      0x1d8 c:/devkitPro/libogc/lib/wii\libogc.a(lwp_heap.o)
                0x800073d0                __lwp_heap_free
 .text.__call_resetfuncs
                0x800075a8       0x8c c:/devkitPro/libogc/lib/wii\libogc.a(system.o)
 .text.__RSWDefaultHandler
                0x80007634        0x4 c:/devkitPro/libogc/lib/wii\libogc.a(system.o)
 .text.__POWDefaultHandler
                0x80007638        0x4 c:/devkitPro/libogc/lib/wii\libogc.a(system.o)
 .text.__locksram
                0x8000763c       0x68 c:/devkitPro/libogc/lib/wii\libogc.a(system.o)
 .text.__lwp_thread_dispatchenable
                0x800076a4       0x34 c:/devkitPro/libogc/lib/wii\libogc.a(system.o)
 .text.__lwp_wd_insert_ticks
                0x800076d8       0x68 c:/devkitPro/libogc/lib/wii\libogc.a(system.o)
 .text.__lwp_syswd_open
                0x80007740       0x48 c:/devkitPro/libogc/lib/wii\libogc.a(system.o)
 .text.__sys_alarmhandler
                0x80007788       0x94 c:/devkitPro/libogc/lib/wii\libogc.a(system.o)
 .text.__sram_write
                0x8000781c       0xfc c:/devkitPro/libogc/lib/wii\libogc.a(system.o)
 .text.__unlocksram
                0x80007918      0x100 c:/devkitPro/libogc/lib/wii\libogc.a(system.o)
 .text.__sram_writecallback
                0x80007a18       0x4c c:/devkitPro/libogc/lib/wii\libogc.a(system.o)
 .text.__sram_init
                0x80007a64      0x130 c:/devkitPro/libogc/lib/wii\libogc.a(system.o)
                0x80007a64                __sram_init
 .text.__SYS_LockSramEx
                0x80007b94        0x8 c:/devkitPro/libogc/lib/wii\libogc.a(system.o)
                0x80007b94                __SYS_LockSramEx
 .text.__SYS_UnlockSramEx
                0x80007b9c        0x8 c:/devkitPro/libogc/lib/wii\libogc.a(system.o)
                0x80007b9c                __SYS_UnlockSramEx
 .text.__SYS_GetIPCBufferLo
                0x80007ba4        0x8 c:/devkitPro/libogc/lib/wii\libogc.a(system.o)
                0x80007ba4                __SYS_GetIPCBufferLo
 .text.__SYS_GetIPCBufferHi
                0x80007bac        0x8 c:/devkitPro/libogc/lib/wii\libogc.a(system.o)
                0x80007bac                __SYS_GetIPCBufferHi
 .text._V_EXPORTNAME
                0x80007bb4       0x1c c:/devkitPro/libogc/lib/wii\libogc.a(system.o)
                0x80007bb4                _V_EXPORTNAME
 .text.__SYS_InitCallbacks
                0x80007bd0       0x24 c:/devkitPro/libogc/lib/wii\libogc.a(system.o)
                0x80007bd0                __SYS_InitCallbacks
 .text.__SYS_PreInit
                0x80007bf4        0x4 c:/devkitPro/libogc/lib/wii\libogc.a(system.o)
                0x80007bf4                __SYS_PreInit
 .text.SYS_PreMain
                0x80007bf8       0x50 c:/devkitPro/libogc/lib/wii\libogc.a(system.o)
                0x80007bf8                SYS_PreMain
 .text.SYS_ResetButtonDown
                0x80007c48       0x1c c:/devkitPro/libogc/lib/wii\libogc.a(system.o)
                0x80007c48                SYS_ResetButtonDown
 .text.__STMEventHandler
                0x80007c64       0xac c:/devkitPro/libogc/lib/wii\libogc.a(system.o)
 .text.SYS_ResetSystem
                0x80007d10      0x1f4 c:/devkitPro/libogc/lib/wii\libogc.a(system.o)
                0x80007d10                SYS_ResetSystem
 .text.__libogc_exit
                0x80007f04       0x84 c:/devkitPro/libogc/lib/wii\libogc.a(system.o)
                0x80007f04                __libogc_exit
 .text.__reload
                0x80007f88       0x7c c:/devkitPro/libogc/lib/wii\libogc.a(system.o)
                0x80007f88                __reload
 .text.SYS_RegisterResetFunc
                0x80008004       0x80 c:/devkitPro/libogc/lib/wii\libogc.a(system.o)
                0x80008004                SYS_RegisterResetFunc
 .text.SYS_SetArena1Lo
                0x80008084       0x3c c:/devkitPro/libogc/lib/wii\libogc.a(system.o)
                0x80008084                SYS_SetArena1Lo
 .text.SYS_GetArena1Lo
                0x800080c0       0x3c c:/devkitPro/libogc/lib/wii\libogc.a(system.o)
                0x800080c0                SYS_GetArena1Lo
 .text.SYS_SetArena1Hi
                0x800080fc       0x3c c:/devkitPro/libogc/lib/wii\libogc.a(system.o)
                0x800080fc                SYS_SetArena1Hi
 .text.SYS_GetArena1Hi
                0x80008138       0x3c c:/devkitPro/libogc/lib/wii\libogc.a(system.o)
                0x80008138                SYS_GetArena1Hi
 .text.SYS_SetArena2Lo
                0x80008174       0x3c c:/devkitPro/libogc/lib/wii\libogc.a(system.o)
                0x80008174                SYS_SetArena2Lo
 .text.SYS_GetArena2Lo
                0x800081b0       0x3c c:/devkitPro/libogc/lib/wii\libogc.a(system.o)
                0x800081b0                SYS_GetArena2Lo
 .text.SYS_SetArena2Hi
                0x800081ec       0x3c c:/devkitPro/libogc/lib/wii\libogc.a(system.o)
                0x800081ec                SYS_SetArena2Hi
 .text.SYS_Init
                0x80008228      0x444 c:/devkitPro/libogc/lib/wii\libogc.a(system.o)
                0x80008228                SYS_Init
 .text.SYS_GetArena2Hi
                0x8000866c       0x3c c:/devkitPro/libogc/lib/wii\libogc.a(system.o)
                0x8000866c                SYS_GetArena2Hi
 .text.SYS_CreateAlarm
                0x800086a8       0xa8 c:/devkitPro/libogc/lib/wii\libogc.a(system.o)
                0x800086a8                SYS_CreateAlarm
 .text.SYS_SetAlarm
                0x80008750       0xd4 c:/devkitPro/libogc/lib/wii\libogc.a(system.o)
                0x80008750                SYS_SetAlarm
 .text.SYS_CancelAlarm
                0x80008824       0x70 c:/devkitPro/libogc/lib/wii\libogc.a(system.o)
                0x80008824                SYS_CancelAlarm
 .text.SYS_SetWirelessID
                0x80008894       0x58 c:/devkitPro/libogc/lib/wii\libogc.a(system.o)
                0x80008894                SYS_SetWirelessID
 .text.SYS_GetWirelessID
                0x800088ec       0x40 c:/devkitPro/libogc/lib/wii\libogc.a(system.o)
                0x800088ec                SYS_GetWirelessID
 .text.SYS_GetHollywoodRevision
                0x8000892c       0x34 c:/devkitPro/libogc/lib/wii\libogc.a(system.o)
                0x8000892c                SYS_GetHollywoodRevision
 .text.__lwp_cond_init
                0x80008960       0x30 c:/devkitPro/libogc/lib/wii\libogc.a(cond.o)
                0x80008960                __lwp_cond_init
 .text.__decrementer_init
                0x80008990        0x4 c:/devkitPro/libogc/lib/wii\libogc.a(decrementer.o)
                0x80008990                __decrementer_init
 .text.c_decrementer_handler
                0x80008994       0x28 c:/devkitPro/libogc/lib/wii\libogc.a(decrementer.o)
                0x80008994                c_decrementer_handler
 .text.__lwp_mqbox_init
                0x800089bc       0x30 c:/devkitPro/libogc/lib/wii\libogc.a(message.o)
                0x800089bc                __lwp_mqbox_init
 .text.__si_transfer
                0x800089ec      0x148 c:/devkitPro/libogc/lib/wii\libogc.a(si.o)
 .text.__si_alarmhandler
                0x80008b34       0x8c c:/devkitPro/libogc/lib/wii\libogc.a(si.o)
 .text.__si_calltypandstatuscallback
                0x80008bc0       0x64 c:/devkitPro/libogc/lib/wii\libogc.a(si.o)
 .text.__si_completetransfer
                0x80008c24      0x1c0 c:/devkitPro/libogc/lib/wii\libogc.a(si.o)
 .text.__si_transfernext
                0x80008de4       0xb4 c:/devkitPro/libogc/lib/wii\libogc.a(si.o)
 .text.SI_Busy  0x80008e98       0x1c c:/devkitPro/libogc/lib/wii\libogc.a(si.o)
                0x80008e98                SI_Busy
 .text.SI_IsChanBusy
                0x80008eb4       0x38 c:/devkitPro/libogc/lib/wii\libogc.a(si.o)
                0x80008eb4                SI_IsChanBusy
 .text.SI_SetXY
                0x80008eec       0x68 c:/devkitPro/libogc/lib/wii\libogc.a(si.o)
                0x80008eec                SI_SetXY
 .text.SI_EnablePolling
                0x80008f54       0x80 c:/devkitPro/libogc/lib/wii\libogc.a(si.o)
                0x80008f54                SI_EnablePolling
 .text.SI_DisablePolling
                0x80008fd4       0x5c c:/devkitPro/libogc/lib/wii\libogc.a(si.o)
                0x80008fd4                SI_DisablePolling
 .text.SI_SetSamplingRate
                0x80009030       0xbc c:/devkitPro/libogc/lib/wii\libogc.a(si.o)
                0x80009030                SI_SetSamplingRate
 .text.SI_RefreshSamplingRate
                0x800090ec        0x8 c:/devkitPro/libogc/lib/wii\libogc.a(si.o)
                0x800090ec                SI_RefreshSamplingRate
 .text.SI_GetStatus
                0x800090f4       0x80 c:/devkitPro/libogc/lib/wii\libogc.a(si.o)
                0x800090f4                SI_GetStatus
 .text.SI_GetResponseRaw
                0x80009174       0x7c c:/devkitPro/libogc/lib/wii\libogc.a(si.o)
                0x80009174                SI_GetResponseRaw
 .text.SI_GetResponse
                0x800091f0       0x98 c:/devkitPro/libogc/lib/wii\libogc.a(si.o)
                0x800091f0                SI_GetResponse
 .text.SI_SetCommand
                0x80009288       0x10 c:/devkitPro/libogc/lib/wii\libogc.a(si.o)
                0x80009288                SI_SetCommand
 .text.SI_Transfer
                0x80009298      0x1d0 c:/devkitPro/libogc/lib/wii\libogc.a(si.o)
                0x80009298                SI_Transfer
 .text.__si_interrupthandler
                0x80009468      0x1e0 c:/devkitPro/libogc/lib/wii\libogc.a(si.o)
 .text.__si_gettypecallback
                0x80009648      0x1f8 c:/devkitPro/libogc/lib/wii\libogc.a(si.o)
 .text.SI_GetType
                0x80009840      0x184 c:/devkitPro/libogc/lib/wii\libogc.a(si.o)
                0x80009840                SI_GetType
 .text.SI_GetTypeAsync
                0x800099c4       0xf4 c:/devkitPro/libogc/lib/wii\libogc.a(si.o)
                0x800099c4                SI_GetTypeAsync
 .text.SI_EnablePollingInterrupt
                0x80009ab8       0x90 c:/devkitPro/libogc/lib/wii\libogc.a(si.o)
                0x80009ab8                SI_EnablePollingInterrupt
 .text.SI_UnregisterPollingHandler
                0x80009b48       0xe4 c:/devkitPro/libogc/lib/wii\libogc.a(si.o)
                0x80009b48                SI_UnregisterPollingHandler
 .text.SI_RegisterPollingHandler
                0x80009c2c       0xec c:/devkitPro/libogc/lib/wii\libogc.a(si.o)
                0x80009c2c                SI_RegisterPollingHandler
 .text.__si_init
                0x80009d18       0xe4 c:/devkitPro/libogc/lib/wii\libogc.a(si.o)
                0x80009d18                __si_init
 .text.__ipc_sendrequest
                0x80009dfc       0xe0 c:/devkitPro/libogc/lib/wii\libogc.a(ipc.o)
 .text.__ipc_syncrequest
                0x80009edc       0xc8 c:/devkitPro/libogc/lib/wii\libogc.a(ipc.o)
 .text.iosAlloc
                0x80009fa4       0x4c c:/devkitPro/libogc/lib/wii\libogc.a(ipc.o)
                0x80009fa4                iosAlloc
 .text.__ipc_allocreq
                0x80009ff0        0xc c:/devkitPro/libogc/lib/wii\libogc.a(ipc.o)
 .text.iosFree  0x80009ffc       0x44 c:/devkitPro/libogc/lib/wii\libogc.a(ipc.o)
                0x80009ffc                iosFree
 .text.__ipc_freereq
                0x8000a040        0xc c:/devkitPro/libogc/lib/wii\libogc.a(ipc.o)
 .text.__ipc_asyncrequest
                0x8000a04c       0xfc c:/devkitPro/libogc/lib/wii\libogc.a(ipc.o)
 .text.__ipc_interrupthandler
                0x8000a148      0x29c c:/devkitPro/libogc/lib/wii\libogc.a(ipc.o)
 .text.__ios_ioctlvformat_parse
                0x8000a3e4      0x6fc c:/devkitPro/libogc/lib/wii\libogc.a(ipc.o)
 .text.__ioctlvfmtCB
                0x8000aae0       0xc4 c:/devkitPro/libogc/lib/wii\libogc.a(ipc.o)
 .text.IPC_SetBufferLo
                0x8000aba4       0x14 c:/devkitPro/libogc/lib/wii\libogc.a(ipc.o)
                0x8000aba4                IPC_SetBufferLo
 .text.iosCreateHeap
                0x8000abb8       0xf0 c:/devkitPro/libogc/lib/wii\libogc.a(ipc.o)
                0x8000abb8                iosCreateHeap
 .text.__IPC_Init
                0x8000aca8       0x48 c:/devkitPro/libogc/lib/wii\libogc.a(ipc.o)
                0x8000aca8                __IPC_Init
 .text.__IPC_ClntInit
                0x8000acf0       0x90 c:/devkitPro/libogc/lib/wii\libogc.a(ipc.o)
                0x8000acf0                __IPC_ClntInit
 .text.IOS_Open
                0x8000ad80       0x88 c:/devkitPro/libogc/lib/wii\libogc.a(ipc.o)
                0x8000ad80                IOS_Open
 .text.IOS_Close
                0x8000ae08       0x58 c:/devkitPro/libogc/lib/wii\libogc.a(ipc.o)
                0x8000ae08                IOS_Close
 .text.IOS_Read
                0x8000ae60       0x7c c:/devkitPro/libogc/lib/wii\libogc.a(ipc.o)
                0x8000ae60                IOS_Read
 .text.IOS_Write
                0x8000aedc       0x7c c:/devkitPro/libogc/lib/wii\libogc.a(ipc.o)
                0x8000aedc                IOS_Write
 .text.IOS_Ioctl
                0x8000af58       0xa4 c:/devkitPro/libogc/lib/wii\libogc.a(ipc.o)
                0x8000af58                IOS_Ioctl
 .text.IOS_IoctlAsync
                0x8000affc       0xb0 c:/devkitPro/libogc/lib/wii\libogc.a(ipc.o)
                0x8000affc                IOS_IoctlAsync
 .text.IOS_Ioctlv
                0x8000b0ac      0x124 c:/devkitPro/libogc/lib/wii\libogc.a(ipc.o)
                0x8000b0ac                IOS_Ioctlv
 .text.IOS_IoctlvFormat
                0x8000b1d0      0x108 c:/devkitPro/libogc/lib/wii\libogc.a(ipc.o)
                0x8000b1d0                IOS_IoctlvFormat
 .text.IOS_IoctlvReboot
                0x8000b2d8      0x128 c:/devkitPro/libogc/lib/wii\libogc.a(ipc.o)
                0x8000b2d8                IOS_IoctlvReboot
 .text.__time_exi_unlock
                0x8000b400       0x28 c:/devkitPro/libogc/lib/wii\libogc.a(timesupp.o)
 .text.__getrtc
                0x8000b428       0xd8 c:/devkitPro/libogc/lib/wii\libogc.a(timesupp.o)
 .text.gettick  0x8000b500        0x8 c:/devkitPro/libogc/lib/wii\libogc.a(timesupp.o)
                0x8000b500                gettick
 .text.gettime  0x8000b508       0x18 c:/devkitPro/libogc/lib/wii\libogc.a(timesupp.o)
                0x8000b508                gettime
 .text.diff_usec
                0x8000b520       0x80 c:/devkitPro/libogc/lib/wii\libogc.a(timesupp.o)
                0x8000b520                diff_usec
 .text.__timesystem_init
                0x8000b5a0       0x38 c:/devkitPro/libogc/lib/wii\libogc.a(timesupp.o)
                0x8000b5a0                __timesystem_init
 .text.udelay   0x8000b5d8       0x48 c:/devkitPro/libogc/lib/wii\libogc.a(timesupp.o)
                0x8000b5d8                udelay
 .text.time     0x8000b620       0xf0 c:/devkitPro/libogc/lib/wii\libogc.a(timesupp.o)
                0x8000b620                time
 .text.__libogc_gettod_r
                0x8000b710       0x64 c:/devkitPro/libogc/lib/wii\libogc.a(timesupp.o)
                0x8000b710                __libogc_gettod_r
 .text.__libogc_lock_init
                0x8000b774       0x5c c:/devkitPro/libogc/lib/wii\libogc.a(lock_supp.o)
                0x8000b774                __libogc_lock_init
 .text.__libogc_lock_close
                0x8000b7d0       0x48 c:/devkitPro/libogc/lib/wii\libogc.a(lock_supp.o)
                0x8000b7d0                __libogc_lock_close
 .text.__libogc_lock_acquire
                0x8000b818       0x40 c:/devkitPro/libogc/lib/wii\libogc.a(lock_supp.o)
                0x8000b818                __libogc_lock_acquire
 .text.__libogc_lock_release
                0x8000b858       0x40 c:/devkitPro/libogc/lib/wii\libogc.a(lock_supp.o)
                0x8000b858                __libogc_lock_release
 .text.__libc_create_hook
                0x8000b898       0x10 c:/devkitPro/libogc/lib/wii\libogc.a(newlibc.o)
                0x8000b898                __libc_create_hook
 .text.__libc_start_hook
                0x8000b8a8      0x18c c:/devkitPro/libogc/lib/wii\libogc.a(newlibc.o)
                0x8000b8a8                __libc_start_hook
 .text.__libc_delete_hook
                0x8000ba34       0x78 c:/devkitPro/libogc/lib/wii\libogc.a(newlibc.o)
                0x8000ba34                __libc_delete_hook
 .text.__libc_init
                0x8000baac       0xb8 c:/devkitPro/libogc/lib/wii\libogc.a(newlibc.o)
                0x8000baac                __libc_init
 .text.__libogc_sbrk_r
                0x8000bb64      0x164 c:/devkitPro/libogc/lib/wii\libogc.a(sbrk.o)
                0x8000bb64                __libogc_sbrk_r
 .text.__lwp_thread_dispatchdisable
                0x8000bcc8       0x10 c:/devkitPro/libogc/lib/wii\libogc.a(malloc_lock.o)
 .text.__lwp_thread_dispatchenable
                0x8000bcd8       0x34 c:/devkitPro/libogc/lib/wii\libogc.a(malloc_lock.o)
 .text.__memlock_init
                0x8000bd0c       0x64 c:/devkitPro/libogc/lib/wii\libogc.a(malloc_lock.o)
                0x8000bd0c                __memlock_init
 .text.__libogc_malloc_lock
                0x8000bd70      0x1c8 c:/devkitPro/libogc/lib/wii\libogc.a(malloc_lock.o)
                0x8000bd70                __libogc_malloc_lock
 .text.__libogc_malloc_unlock
                0x8000bf38       0x48 c:/devkitPro/libogc/lib/wii\libogc.a(malloc_lock.o)
                0x8000bf38                __libogc_malloc_unlock
 .text.__STM_SetEventHook
                0x8000bf80       0x9c c:/devkitPro/libogc/lib/wii\libogc.a(stm.o)
                0x8000bf80                __STM_SetEventHook
 .text.__STMEventHandler
                0x8000c01c       0x60 c:/devkitPro/libogc/lib/wii\libogc.a(stm.o)
 .text.__STM_Init
                0x8000c07c       0x84 c:/devkitPro/libogc/lib/wii\libogc.a(stm.o)
                0x8000c07c                __STM_Init
 .text.__STM_ReleaseEventHook
                0x8000c100       0x78 c:/devkitPro/libogc/lib/wii\libogc.a(stm.o)
                0x8000c100                __STM_ReleaseEventHook
 .text.__STM_Close
                0x8000c178       0x78 c:/devkitPro/libogc/lib/wii\libogc.a(stm.o)
                0x8000c178                __STM_Close
 .text.STM_RegisterEventHandler
                0x8000c1f0       0x10 c:/devkitPro/libogc/lib/wii\libogc.a(stm.o)
                0x8000c1f0                STM_RegisterEventHandler
 .text.STM_ShutdownToStandby
                0x8000c200       0x68 c:/devkitPro/libogc/lib/wii\libogc.a(stm.o)
                0x8000c200                STM_ShutdownToStandby
 .text.STM_ShutdownToIdle
                0x8000c268       0x70 c:/devkitPro/libogc/lib/wii\libogc.a(stm.o)
                0x8000c268                STM_ShutdownToIdle
 .text.STM_SetLedMode
                0x8000c2d8       0x58 c:/devkitPro/libogc/lib/wii\libogc.a(stm.o)
                0x8000c2d8                STM_SetLedMode
 .text.STM_RebootSystem
                0x8000c330       0x68 c:/devkitPro/libogc/lib/wii\libogc.a(stm.o)
                0x8000c330                STM_RebootSystem
 .text.__IOS_InitializeSubsystems
                0x8000c398       0x40 c:/devkitPro/libogc/lib/wii\libogc.a(ios.o)
                0x8000c398                __IOS_InitializeSubsystems
 .text.__IOS_ShutdownSubsystems
                0x8000c3d8       0x40 c:/devkitPro/libogc/lib/wii\libogc.a(ios.o)
                0x8000c3d8                __IOS_ShutdownSubsystems
 .text.__IOS_LoadStartupIOS
                0x8000c418        0x8 c:/devkitPro/libogc/lib/wii\libogc.a(ios.o)
                0x8000c418                __IOS_LoadStartupIOS
 .text._ES_fillstat
                0x8000c420      0x118 c:/devkitPro/libogc/lib/wii\libogc.a(es.o)
 .text._ES_fstat_r
                0x8000c538       0x70 c:/devkitPro/libogc/lib/wii\libogc.a(es.o)
 .text.__ES_Init
                0x8000c5a8       0x70 c:/devkitPro/libogc/lib/wii\libogc.a(es.o)
                0x8000c5a8                __ES_Init
 .text.__ES_Close
                0x8000c618       0x54 c:/devkitPro/libogc/lib/wii\libogc.a(es.o)
                0x8000c618                __ES_Close
 .text.ES_GetTitleID
                0x8000c66c       0x70 c:/devkitPro/libogc/lib/wii\libogc.a(es.o)
                0x8000c66c                ES_GetTitleID
 .text.ES_LaunchTitle
                0x8000c6dc       0x9c c:/devkitPro/libogc/lib/wii\libogc.a(es.o)
                0x8000c6dc                ES_LaunchTitle
 .text.ES_GetNumTicketViews
                0x8000c778       0x70 c:/devkitPro/libogc/lib/wii\libogc.a(es.o)
                0x8000c778                ES_GetNumTicketViews
 .text.ES_GetTicketViews
                0x8000c7e8       0x7c c:/devkitPro/libogc/lib/wii\libogc.a(es.o)
                0x8000c7e8                ES_GetTicketViews
 .text.ES_GetStoredTMDSize
                0x8000c864       0x70 c:/devkitPro/libogc/lib/wii\libogc.a(es.o)
                0x8000c864                ES_GetStoredTMDSize
 .text.ES_GetStoredTMD
                0x8000c8d4       0x84 c:/devkitPro/libogc/lib/wii\libogc.a(es.o)
                0x8000c8d4                ES_GetStoredTMD
 .text._ES_decodepath
                0x8000c958      0x2b0 c:/devkitPro/libogc/lib/wii\libogc.a(es.o)
 .text._ES_stat_r
                0x8000cc08       0x54 c:/devkitPro/libogc/lib/wii\libogc.a(es.o)
 .text.ES_OpenContent
                0x8000cc5c       0x48 c:/devkitPro/libogc/lib/wii\libogc.a(es.o)
                0x8000cc5c                ES_OpenContent
 .text.ES_OpenTitleContent
                0x8000cca4       0x64 c:/devkitPro/libogc/lib/wii\libogc.a(es.o)
                0x8000cca4                ES_OpenTitleContent
 .text._ES_open_r
                0x8000cd08      0x114 c:/devkitPro/libogc/lib/wii\libogc.a(es.o)
 .text.ES_ReadContent
                0x8000ce1c       0x78 c:/devkitPro/libogc/lib/wii\libogc.a(es.o)
                0x8000ce1c                ES_ReadContent
 .text._ES_read_r
                0x8000ce94      0x120 c:/devkitPro/libogc/lib/wii\libogc.a(es.o)
 .text.ES_SeekContent
                0x8000cfb4       0x5c c:/devkitPro/libogc/lib/wii\libogc.a(es.o)
                0x8000cfb4                ES_SeekContent
 .text._ES_seek_r
                0x8000d010       0x8c c:/devkitPro/libogc/lib/wii\libogc.a(es.o)
 .text.ES_CloseContent
                0x8000d09c       0x54 c:/devkitPro/libogc/lib/wii\libogc.a(es.o)
                0x8000d09c                ES_CloseContent
 .text._ES_close_r
                0x8000d0f0       0x78 c:/devkitPro/libogc/lib/wii\libogc.a(es.o)
 .text.__CheckARGV
                0x8000d168       0x78 c:/devkitPro/libogc/lib/wii\libogc.a(argv.o)
                0x8000d168                __CheckARGV
 .text.__CONF_DecryptTextBuffer
                0x8000d1e0       0x38 c:/devkitPro/libogc/lib/wii\libogc.a(conf.o)
                0x8000d1e0                __CONF_DecryptTextBuffer
 .text.CONF_Init
                0x8000d218      0x104 c:/devkitPro/libogc/lib/wii\libogc.a(conf.o)
                0x8000d218                CONF_Init
 .text.__CONF_Find
                0x8000d31c       0x88 c:/devkitPro/libogc/lib/wii\libogc.a(conf.o)
                0x8000d31c                __CONF_Find
 .text.CONF_GetLength
                0x8000d3a4       0xbc c:/devkitPro/libogc/lib/wii\libogc.a(conf.o)
                0x8000d3a4                CONF_GetLength
 .text.CONF_Get
                0x8000d460       0xf0 c:/devkitPro/libogc/lib/wii\libogc.a(conf.o)
                0x8000d460                CONF_Get
 .text.CONF_GetShutdownMode
                0x8000d550       0x58 c:/devkitPro/libogc/lib/wii\libogc.a(conf.o)
                0x8000d550                CONF_GetShutdownMode
 .text.CONF_GetIdleLedMode
                0x8000d5a8       0x58 c:/devkitPro/libogc/lib/wii\libogc.a(conf.o)
                0x8000d5a8                CONF_GetIdleLedMode
 .text.CONF_GetCounterBias
                0x8000d600       0x4c c:/devkitPro/libogc/lib/wii\libogc.a(conf.o)
                0x8000d600                CONF_GetCounterBias
 .text.__CalcChecksum
                0x8000d64c       0x30 c:/devkitPro/libogc/lib/wii\libogc.a(wiilaunch.o)
 .text.__WII_WriteStateFlags
                0x8000d67c       0x84 c:/devkitPro/libogc/lib/wii\libogc.a(wiilaunch.o)
 .text.__WII_WriteNANDBootInfo
                0x8000d700       0x84 c:/devkitPro/libogc/lib/wii\libogc.a(wiilaunch.o)
 .text.WII_Initialize
                0x8000d784       0xf4 c:/devkitPro/libogc/lib/wii\libogc.a(wiilaunch.o)
                0x8000d784                WII_Initialize
 .text.WII_LaunchTitle
                0x8000d878      0x134 c:/devkitPro/libogc/lib/wii\libogc.a(wiilaunch.o)
                0x8000d878                WII_LaunchTitle
 .text.WII_ReturnToMenu
                0x8000d9ac       0x64 c:/devkitPro/libogc/lib/wii\libogc.a(wiilaunch.o)
                0x8000d9ac                WII_ReturnToMenu
 .text.__lwp_priority_init
                0x8000da10       0x24 c:/devkitPro/libogc/lib/wii\libogc.a(lwp_priority.o)
                0x8000da10                __lwp_priority_init
 .text.__lwp_queue_initialize
                0x8000da34       0x3c c:/devkitPro/libogc/lib/wii\libogc.a(lwp_queue.o)
                0x8000da34                __lwp_queue_initialize
 .text.__lwp_queue_get
                0x8000da70       0x64 c:/devkitPro/libogc/lib/wii\libogc.a(lwp_queue.o)
                0x8000da70                __lwp_queue_get
 .text.__lwp_queue_append
                0x8000dad4       0x50 c:/devkitPro/libogc/lib/wii\libogc.a(lwp_queue.o)
                0x8000dad4                __lwp_queue_append
 .text.__lwp_wd_remove_ticks
                0x8000db24       0x2c c:/devkitPro/libogc/lib/wii\libogc.a(lwp_threadq.o)
 .text.__lwp_thread_unblock
                0x8000db50       0x28 c:/devkitPro/libogc/lib/wii\libogc.a(lwp_threadq.o)
 .text.__lwp_threadqueue_enqueuefifo
                0x8000db78       0xf8 c:/devkitPro/libogc/lib/wii\libogc.a(lwp_threadq.o)
                0x8000db78                __lwp_threadqueue_enqueuefifo
 .text.__lwp_threadqueue_dequeuefifo
                0x8000dc70      0x114 c:/devkitPro/libogc/lib/wii\libogc.a(lwp_threadq.o)
                0x8000dc70                __lwp_threadqueue_dequeuefifo
 .text.__lwp_threadqueue_enqueuepriority
                0x8000dd84      0x2a0 c:/devkitPro/libogc/lib/wii\libogc.a(lwp_threadq.o)
                0x8000dd84                __lwp_threadqueue_enqueuepriority
 .text.__lwp_threadqueue_dequeuepriority
                0x8000e024      0x194 c:/devkitPro/libogc/lib/wii\libogc.a(lwp_threadq.o)
                0x8000e024                __lwp_threadqueue_dequeuepriority
 .text.__lwp_threadqueue_init
                0x8000e1b8       0x8c c:/devkitPro/libogc/lib/wii\libogc.a(lwp_threadq.o)
                0x8000e1b8                __lwp_threadqueue_init
 .text.__lwp_threadqueue_enqueue
                0x8000e244      0x100 c:/devkitPro/libogc/lib/wii\libogc.a(lwp_threadq.o)
                0x8000e244                __lwp_threadqueue_enqueue
 .text.__lwp_threadqueue_dequeue
                0x8000e344       0x28 c:/devkitPro/libogc/lib/wii\libogc.a(lwp_threadq.o)
                0x8000e344                __lwp_threadqueue_dequeue
 .text.__lwp_threadqueue_flush
                0x8000e36c       0x38 c:/devkitPro/libogc/lib/wii\libogc.a(lwp_threadq.o)
                0x8000e36c                __lwp_threadqueue_flush
 .text.__lwp_threadqueue_extractfifo
                0x8000e3a4       0xd4 c:/devkitPro/libogc/lib/wii\libogc.a(lwp_threadq.o)
                0x8000e3a4                __lwp_threadqueue_extractfifo
 .text.__lwp_threadqueue_extractpriority
                0x8000e478      0x12c c:/devkitPro/libogc/lib/wii\libogc.a(lwp_threadq.o)
                0x8000e478                __lwp_threadqueue_extractpriority
 .text.__lwp_threadqueue_extract
                0x8000e5a4       0x20 c:/devkitPro/libogc/lib/wii\libogc.a(lwp_threadq.o)
                0x8000e5a4                __lwp_threadqueue_extract
 .text.__lwp_threadqueue_timeout
                0x8000e5c4       0x74 c:/devkitPro/libogc/lib/wii\libogc.a(lwp_threadq.o)
 .text.__lwp_threadqueue_extractproxy
                0x8000e638       0x3c c:/devkitPro/libogc/lib/wii\libogc.a(lwp_threadq.o)
                0x8000e638                __lwp_threadqueue_extractproxy
 .text.__lwp_priomap_addto
                0x8000e674       0x28 c:/devkitPro/libogc/lib/wii\libogc.a(lwp_threads.o)
 .text.__lwp_thread_calcheir
                0x8000e69c       0x3c c:/devkitPro/libogc/lib/wii\libogc.a(lwp_threads.o)
 .text.__lwp_thread_dispatchunnest
                0x8000e6d8       0x10 c:/devkitPro/libogc/lib/wii\libogc.a(lwp_threads.o)
 .text.__lwp_priomap_removefrom
                0x8000e6e8       0x38 c:/devkitPro/libogc/lib/wii\libogc.a(lwp_threads.o)
 .text.__lwp_wd_insert_ticks.constprop.4
                0x8000e720       0x60 c:/devkitPro/libogc/lib/wii\libogc.a(lwp_threads.o)
 .text.__lwp_isr_in_progress
                0x8000e780        0x8 c:/devkitPro/libogc/lib/wii\libogc.a(lwp_threads.o)
                0x8000e780                __lwp_isr_in_progress
 .text.__thread_dispatch_fp
                0x8000e788       0x7c c:/devkitPro/libogc/lib/wii\libogc.a(lwp_threads.o)
                0x8000e788                __thread_dispatch_fp
 .text.__thread_dispatch
                0x8000e804       0xe0 c:/devkitPro/libogc/lib/wii\libogc.a(lwp_threads.o)
                0x8000e804                __thread_dispatch
 .text.__lwp_thread_dispatchenable
                0x8000e8e4       0x18 c:/devkitPro/libogc/lib/wii\libogc.a(lwp_threads.o)
 .text.__lwp_thread_resettimeslice
                0x8000e8fc       0xcc c:/devkitPro/libogc/lib/wii\libogc.a(lwp_threads.o)
                0x8000e8fc                __lwp_thread_resettimeslice
 .text.__lwp_thread_tickle_timeslice
                0x8000e9c8       0x80 c:/devkitPro/libogc/lib/wii\libogc.a(lwp_threads.o)
                0x8000e9c8                __lwp_thread_tickle_timeslice
 .text.__lwp_thread_setstate
                0x8000ea48       0xf8 c:/devkitPro/libogc/lib/wii\libogc.a(lwp_threads.o)
                0x8000ea48                __lwp_thread_setstate
 .text.__lwp_thread_clearstate
                0x8000eb40       0xe8 c:/devkitPro/libogc/lib/wii\libogc.a(lwp_threads.o)
                0x8000eb40                __lwp_thread_clearstate
 .text.__lwp_thread_setpriority
                0x8000ec28       0x5c c:/devkitPro/libogc/lib/wii\libogc.a(lwp_threads.o)
                0x8000ec28                __lwp_thread_setpriority
 .text.__lwp_thread_settransient
                0x8000ec84       0xa8 c:/devkitPro/libogc/lib/wii\libogc.a(lwp_threads.o)
                0x8000ec84                __lwp_thread_settransient
 .text.__lwp_thread_changepriority
                0x8000ed2c      0x118 c:/devkitPro/libogc/lib/wii\libogc.a(lwp_threads.o)
                0x8000ed2c                __lwp_thread_changepriority
 .text.__lwp_thread_loadenv
                0x8000ee44       0x78 c:/devkitPro/libogc/lib/wii\libogc.a(lwp_threads.o)
                0x8000ee44                __lwp_thread_loadenv
 .text.__lwp_thread_ready
                0x8000eebc       0xc0 c:/devkitPro/libogc/lib/wii\libogc.a(lwp_threads.o)
                0x8000eebc                __lwp_thread_ready
 .text.__lwp_thread_init
                0x8000ef7c       0xf8 c:/devkitPro/libogc/lib/wii\libogc.a(lwp_threads.o)
                0x8000ef7c                __lwp_thread_init
 .text.__lwp_thread_close
                0x8000f074      0x108 c:/devkitPro/libogc/lib/wii\libogc.a(lwp_threads.o)
                0x8000f074                __lwp_thread_close
 .text.__lwp_thread_closeall
                0x8000f17c       0x9c c:/devkitPro/libogc/lib/wii\libogc.a(lwp_threads.o)
                0x8000f17c                __lwp_thread_closeall
 .text.__lwp_thread_exit
                0x8000f218       0x38 c:/devkitPro/libogc/lib/wii\libogc.a(lwp_threads.o)
                0x8000f218                __lwp_thread_exit
 .text.__lwp_thread_handler
                0x8000f250       0x68 c:/devkitPro/libogc/lib/wii\libogc.a(lwp_threads.o)
 .text.__lwp_thread_start
                0x8000f2b8       0x58 c:/devkitPro/libogc/lib/wii\libogc.a(lwp_threads.o)
                0x8000f2b8                __lwp_thread_start
 .text.__lwp_thread_startmultitasking
                0x8000f310       0x64 c:/devkitPro/libogc/lib/wii\libogc.a(lwp_threads.o)
                0x8000f310                __lwp_thread_startmultitasking
 .text.__lwp_thread_stopmultitasking
                0x8000f374       0x5c c:/devkitPro/libogc/lib/wii\libogc.a(lwp_threads.o)
                0x8000f374                __lwp_thread_stopmultitasking
 .text.__lwp_thread_coreinit
                0x8000f3d0       0xd8 c:/devkitPro/libogc/lib/wii\libogc.a(lwp_threads.o)
                0x8000f3d0                __lwp_thread_coreinit
 .text.__lwp_stack_allocate
                0x8000f4a8       0x50 c:/devkitPro/libogc/lib/wii\libogc.a(lwp_stack.o)
                0x8000f4a8                __lwp_stack_allocate
 .text.__lwp_stack_free
                0x8000f4f8       0x3c c:/devkitPro/libogc/lib/wii\libogc.a(lwp_stack.o)
                0x8000f4f8                __lwp_stack_free
 .text.__lwp_mutex_initialize
                0x8000f534       0x98 c:/devkitPro/libogc/lib/wii\libogc.a(lwp_mutex.o)
                0x8000f534                __lwp_mutex_initialize
 .text.__lwp_mutex_surrender
                0x8000f5cc      0x128 c:/devkitPro/libogc/lib/wii\libogc.a(lwp_mutex.o)
                0x8000f5cc                __lwp_mutex_surrender
 .text.__lwp_mutex_seize_irq_blocking
                0x8000f6f4       0xbc c:/devkitPro/libogc/lib/wii\libogc.a(lwp_mutex.o)
                0x8000f6f4                __lwp_mutex_seize_irq_blocking
 .text.__lwp_mutex_flush
                0x8000f7b0       0x20 c:/devkitPro/libogc/lib/wii\libogc.a(lwp_mutex.o)
                0x8000f7b0                __lwp_mutex_flush
 .text.__lwp_wd_settimer.isra.3
                0x8000f7d0       0xb4 c:/devkitPro/libogc/lib/wii\libogc.a(lwp_watchdog.o)
 .text.__lwp_watchdog_init
                0x8000f884       0x2c c:/devkitPro/libogc/lib/wii\libogc.a(lwp_watchdog.o)
                0x8000f884                __lwp_watchdog_init
 .text.__lwp_wd_insert
                0x8000f8b0      0x150 c:/devkitPro/libogc/lib/wii\libogc.a(lwp_watchdog.o)
                0x8000f8b0                __lwp_wd_insert
 .text.__lwp_wd_remove
                0x8000fa00       0xd0 c:/devkitPro/libogc/lib/wii\libogc.a(lwp_watchdog.o)
                0x8000fa00                __lwp_wd_remove
 .text.__lwp_wd_tickle
                0x8000fad0       0xfc c:/devkitPro/libogc/lib/wii\libogc.a(lwp_watchdog.o)
                0x8000fad0                __lwp_wd_tickle
 .text.__lwp_wkspace_init
                0x8000fbcc       0xa0 c:/devkitPro/libogc/lib/wii\libogc.a(lwp_wkspace.o)
                0x8000fbcc                __lwp_wkspace_init
 .text.__exception_load
                0x8000fc6c       0x78 c:/devkitPro/libogc/lib/wii\libogc.a(exception.o)
                0x8000fc6c                __exception_load
 .text.__systemcall_init
                0x8000fce4       0x20 c:/devkitPro/libogc/lib/wii\libogc.a(exception.o)
                0x8000fce4                __systemcall_init
 .text.__exception_init
                0x8000fd04       0xa4 c:/devkitPro/libogc/lib/wii\libogc.a(exception.o)
                0x8000fd04                __exception_init
 .text.__exception_close
                0x8000fda8       0x94 c:/devkitPro/libogc/lib/wii\libogc.a(exception.o)
                0x8000fda8                __exception_close
 .text.__exception_closeall
                0x8000fe3c       0x4c c:/devkitPro/libogc/lib/wii\libogc.a(exception.o)
                0x8000fe3c                __exception_closeall
 .text.c_default_exceptionhandler
                0x8000fe88      0x3cc c:/devkitPro/libogc/lib/wii\libogc.a(exception.o)
                0x8000fe88                c_default_exceptionhandler
 .text.__SetInterrupts
                0x80010254      0x288 c:/devkitPro/libogc/lib/wii\libogc.a(irq.o)
 .text.c_irqdispatcher
                0x800104dc      0x28c c:/devkitPro/libogc/lib/wii\libogc.a(irq.o)
                0x800104dc                c_irqdispatcher
 .text.__UnmaskIrq
                0x80010768       0x7c c:/devkitPro/libogc/lib/wii\libogc.a(irq.o)
                0x80010768                __UnmaskIrq
 .text.__MaskIrq
                0x800107e4       0x7c c:/devkitPro/libogc/lib/wii\libogc.a(irq.o)
                0x800107e4                __MaskIrq
 .text.__irq_init
                0x80010860       0x94 c:/devkitPro/libogc/lib/wii\libogc.a(irq.o)
                0x80010860                __irq_init
 .text.IRQ_Request
                0x800108f4       0x54 c:/devkitPro/libogc/lib/wii\libogc.a(irq.o)
                0x800108f4                IRQ_Request
 .text.IRQ_GetHandler
                0x80010948       0x48 c:/devkitPro/libogc/lib/wii\libogc.a(irq.o)
                0x80010948                IRQ_GetHandler
 .text.__lwp_sema_init
                0x80010990       0x30 c:/devkitPro/libogc/lib/wii\libogc.a(semaphore.o)
                0x80010990                __lwp_sema_init
 .text.__setVerticalRegs
                0x800109c0       0xc0 c:/devkitPro/libogc/lib/wii\libogc.a(video.o)
 .text.__getCurrentHalfLine
                0x80010a80       0x58 c:/devkitPro/libogc/lib/wii\libogc.a(video.o)
 .text.__setFbbRegs.constprop.3
                0x80010ad8      0x1e8 c:/devkitPro/libogc/lib/wii\libogc.a(video.o)
 .text.VIDEO_SetFramebuffer
                0x80010cc0       0xfc c:/devkitPro/libogc/lib/wii\libogc.a(video.o)
                0x80010cc0                VIDEO_SetFramebuffer
 .text.VIDEO_Flush
                0x80010dbc       0xf8 c:/devkitPro/libogc/lib/wii\libogc.a(video.o)
                0x80010dbc                VIDEO_Flush
 .text.VIDEO_SetBlack
                0x80010eb4       0x88 c:/devkitPro/libogc/lib/wii\libogc.a(video.o)
                0x80010eb4                VIDEO_SetBlack
 .text.VIDEO_GetCurrentTvMode
                0x80010f3c       0x70 c:/devkitPro/libogc/lib/wii\libogc.a(video.o)
                0x80010f3c                VIDEO_GetCurrentTvMode
 .text.VIDEO_GetCurrentLine
                0x80010fac       0x68 c:/devkitPro/libogc/lib/wii\libogc.a(video.o)
                0x80010fac                VIDEO_GetCurrentLine
 .text.SPEC0_MakeStatus
                0x80011014      0x118 c:/devkitPro/libogc/lib/wii\libogc.a(pad.o)
 .text.SPEC1_MakeStatus
                0x8001112c      0x118 c:/devkitPro/libogc/lib/wii\libogc.a(pad.o)
 .text.__pad_clampS8
                0x80011244       0x34 c:/devkitPro/libogc/lib/wii\libogc.a(pad.o)
 .text.SPEC2_MakeStatus
                0x80011278      0x148 c:/devkitPro/libogc/lib/wii\libogc.a(pad.o)
 .text.__pad_samplinghandler
                0x800113c0        0x4 c:/devkitPro/libogc/lib/wii\libogc.a(pad.o)
 .text.__pad_updateorigin
                0x800113c4       0x88 c:/devkitPro/libogc/lib/wii\libogc.a(pad.o)
 .text.__pad_enable
                0x8001144c       0x54 c:/devkitPro/libogc/lib/wii\libogc.a(pad.o)
 .text.__pad_disable
                0x800114a0       0xa0 c:/devkitPro/libogc/lib/wii\libogc.a(pad.o)
 .text.__pad_doreset
                0x80011540       0x6c c:/devkitPro/libogc/lib/wii\libogc.a(pad.o)
 .text.__pad_typeandstatuscallback
                0x800115ac      0x14c c:/devkitPro/libogc/lib/wii\libogc.a(pad.o)
 .text.__pad_probecallback
                0x800116f8       0x44 c:/devkitPro/libogc/lib/wii\libogc.a(pad.o)
 .text.__pad_origincallback
                0x8001173c       0x34 c:/devkitPro/libogc/lib/wii\libogc.a(pad.o)
 .text.__pad_originupdatecallback
                0x80011770       0x60 c:/devkitPro/libogc/lib/wii\libogc.a(pad.o)
 .text.__pad_receivecheckcallback
                0x800117d0       0xb4 c:/devkitPro/libogc/lib/wii\libogc.a(pad.o)
 .text.__PADDisableRecalibration
                0x80011884       0x68 c:/devkitPro/libogc/lib/wii\libogc.a(pad.o)
                0x80011884                __PADDisableRecalibration
 .text.PAD_Reset
                0x800118ec       0xbc c:/devkitPro/libogc/lib/wii\libogc.a(pad.o)
                0x800118ec                PAD_Reset
 .text.PAD_Read
                0x800119a8      0x244 c:/devkitPro/libogc/lib/wii\libogc.a(pad.o)
                0x800119a8                PAD_Read
 .text.PAD_Recalibrate
                0x80011bec       0x3c c:/devkitPro/libogc/lib/wii\libogc.a(pad.o)
                0x80011bec                PAD_Recalibrate
 .text.PAD_Sync
                0x80011c28       0x44 c:/devkitPro/libogc/lib/wii\libogc.a(pad.o)
                0x80011c28                PAD_Sync
 .text.PAD_SetSpec